Archive member included to satisfy reference by file (symbol)

C:/Users/3bdel/.pico-sdk/toolchain/14_2_Rel1/bin/../lib/gcc/arm-none-eabi/14.2.1/thumb/v8-m.main+fp/softfp\libm.a(libm_a-wf_sqrt.o)
                              CMakeFiles/adc-pulse.dir/C_/Users/3bdel/.pico-sdk/sdk/2.1.1/src/rp2_common/pico_float/float_math.c.obj (sqrtf)
C:/Users/3bdel/.pico-sdk/toolchain/14_2_Rel1/bin/../lib/gcc/arm-none-eabi/14.2.1/thumb/v8-m.main+fp/softfp\libm.a(libm_a-ef_sqrt.o)
                              C:/Users/3bdel/.pico-sdk/toolchain/14_2_Rel1/bin/../lib/gcc/arm-none-eabi/14.2.1/thumb/v8-m.main+fp/softfp\libm.a(libm_a-wf_sqrt.o) (__ieee754_sqrtf)
C:/Users/3bdel/.pico-sdk/toolchain/14_2_Rel1/bin/../lib/gcc/arm-none-eabi/14.2.1/thumb/v8-m.main+fp/softfp\libgcc.a(_arm_addsubdf3.o)
                              CMakeFiles/adc-pulse.dir/C_/Users/3bdel/.pico-sdk/sdk/2.1.1/src/rp2_common/pico_float/float_math.c.obj (__aeabi_f2d)
C:/Users/3bdel/.pico-sdk/toolchain/14_2_Rel1/bin/../lib/gcc/arm-none-eabi/14.2.1/thumb/v8-m.main+fp/softfp\libgcc.a(_aeabi_ldivmod.o)
                              CMakeFiles/adc-pulse.dir/C_/Users/3bdel/.pico-sdk/sdk/2.1.1/src/common/pico_time/time.c.obj (__aeabi_ldivmod)
C:/Users/3bdel/.pico-sdk/toolchain/14_2_Rel1/bin/../lib/gcc/arm-none-eabi/14.2.1/thumb/v8-m.main+fp/softfp\libgcc.a(_aeabi_uldivmod.o)
                              CMakeFiles/adc-pulse.dir/C_/Users/3bdel/.pico-sdk/sdk/2.1.1/src/rp2_common/hardware_clocks/clocks.c.obj (__aeabi_uldivmod)
C:/Users/3bdel/.pico-sdk/toolchain/14_2_Rel1/bin/../lib/gcc/arm-none-eabi/14.2.1/thumb/v8-m.main+fp/softfp\libgcc.a(_udivmoddi4.o)
                              C:/Users/3bdel/.pico-sdk/toolchain/14_2_Rel1/bin/../lib/gcc/arm-none-eabi/14.2.1/thumb/v8-m.main+fp/softfp\libgcc.a(_aeabi_ldivmod.o) (__udivmoddi4)
C:/Users/3bdel/.pico-sdk/toolchain/14_2_Rel1/bin/../lib/gcc/arm-none-eabi/14.2.1/thumb/v8-m.main+fp/softfp\libgcc.a(_dvmd_tls.o)
                              C:/Users/3bdel/.pico-sdk/toolchain/14_2_Rel1/bin/../lib/gcc/arm-none-eabi/14.2.1/thumb/v8-m.main+fp/softfp\libgcc.a(_aeabi_ldivmod.o) (__aeabi_ldiv0)
C:/Users/3bdel/.pico-sdk/toolchain/14_2_Rel1/bin/../lib/gcc/arm-none-eabi/14.2.1/thumb/v8-m.main+fp/softfp\libg.a(libc_a-atoi.o)
                              CMakeFiles/adc-pulse.dir/dac/dac.c.obj (atoi)
C:/Users/3bdel/.pico-sdk/toolchain/14_2_Rel1/bin/../lib/gcc/arm-none-eabi/14.2.1/thumb/v8-m.main+fp/softfp\libg.a(libc_a-calloc.o)
                              CMakeFiles/adc-pulse.dir/C_/Users/3bdel/.pico-sdk/sdk/2.1.1/src/rp2_common/pico_malloc/malloc.c.obj (calloc)
C:/Users/3bdel/.pico-sdk/toolchain/14_2_Rel1/bin/../lib/gcc/arm-none-eabi/14.2.1/thumb/v8-m.main+fp/softfp\libg.a(libc_a-callocr.o)
                              C:/Users/3bdel/.pico-sdk/toolchain/14_2_Rel1/bin/../lib/gcc/arm-none-eabi/14.2.1/thumb/v8-m.main+fp/softfp\libg.a(libc_a-calloc.o) (_calloc_r)
C:/Users/3bdel/.pico-sdk/toolchain/14_2_Rel1/bin/../lib/gcc/arm-none-eabi/14.2.1/thumb/v8-m.main+fp/softfp\libg.a(libc_a-malloc.o)
                              CMakeFiles/adc-pulse.dir/C_/Users/3bdel/.pico-sdk/sdk/2.1.1/src/rp2_common/pico_malloc/malloc.c.obj (malloc)
C:/Users/3bdel/.pico-sdk/toolchain/14_2_Rel1/bin/../lib/gcc/arm-none-eabi/14.2.1/thumb/v8-m.main+fp/softfp\libg.a(libc_a-mallocr.o)
                              C:/Users/3bdel/.pico-sdk/toolchain/14_2_Rel1/bin/../lib/gcc/arm-none-eabi/14.2.1/thumb/v8-m.main+fp/softfp\libg.a(libc_a-callocr.o) (_malloc_r)
C:/Users/3bdel/.pico-sdk/toolchain/14_2_Rel1/bin/../lib/gcc/arm-none-eabi/14.2.1/thumb/v8-m.main+fp/softfp\libg.a(libc_a-mlock.o)
                              C:/Users/3bdel/.pico-sdk/toolchain/14_2_Rel1/bin/../lib/gcc/arm-none-eabi/14.2.1/thumb/v8-m.main+fp/softfp\libg.a(libc_a-mallocr.o) (__malloc_lock)
C:/Users/3bdel/.pico-sdk/toolchain/14_2_Rel1/bin/../lib/gcc/arm-none-eabi/14.2.1/thumb/v8-m.main+fp/softfp\libg.a(libc_a-realloc.o)
                              CMakeFiles/adc-pulse.dir/C_/Users/3bdel/.pico-sdk/sdk/2.1.1/src/rp2_common/pico_malloc/malloc.c.obj (realloc)
C:/Users/3bdel/.pico-sdk/toolchain/14_2_Rel1/bin/../lib/gcc/arm-none-eabi/14.2.1/thumb/v8-m.main+fp/softfp\libg.a(libc_a-reallocr.o)
                              C:/Users/3bdel/.pico-sdk/toolchain/14_2_Rel1/bin/../lib/gcc/arm-none-eabi/14.2.1/thumb/v8-m.main+fp/softfp\libg.a(libc_a-realloc.o) (_realloc_r)
C:/Users/3bdel/.pico-sdk/toolchain/14_2_Rel1/bin/../lib/gcc/arm-none-eabi/14.2.1/thumb/v8-m.main+fp/softfp\libg.a(libc_a-strtol.o)
                              C:/Users/3bdel/.pico-sdk/toolchain/14_2_Rel1/bin/../lib/gcc/arm-none-eabi/14.2.1/thumb/v8-m.main+fp/softfp\libg.a(libc_a-atoi.o) (_strtol_r)
C:/Users/3bdel/.pico-sdk/toolchain/14_2_Rel1/bin/../lib/gcc/arm-none-eabi/14.2.1/thumb/v8-m.main+fp/softfp\libg.a(libc_a-ctype_.o)
                              C:/Users/3bdel/.pico-sdk/toolchain/14_2_Rel1/bin/../lib/gcc/arm-none-eabi/14.2.1/thumb/v8-m.main+fp/softfp\libg.a(libc_a-strtol.o) (_ctype_)
[...]
Memory Configuration

Name             Origin             Length             Attributes
FLASH            0x10000000         0x00400000         xr
RAM              0x20000000         0x00080000         xrw
SCRATCH_X        0x20080000         0x00001000         xrw
SCRATCH_Y        0x20081000         0x00001000         xrw
*default*        0x00000000         0xffffffff

Linker script and memory map

LOAD C:/Users/3bdel/.pico-sdk/toolchain/14_2_Rel1/bin/../lib/gcc/arm-none-eabi/14.2.1/thumb/v8-m.main+fp/softfp/crti.o
LOAD C:/Users/3bdel/.pico-sdk/toolchain/14_2_Rel1/bin/../lib/gcc/arm-none-eabi/14.2.1/thumb/v8-m.main+fp/softfp/crtbegin.o
LOAD C:/Users/3bdel/.pico-sdk/toolchain/14_2_Rel1/bin/../lib/gcc/arm-none-eabi/14.2.1/thumb/v8-m.main+fp/softfp/crt0.o

.flash_begin    0x10000000        0x0
                0x10000000                        __flash_binary_start = .

.text           0x10000000     0x7b00
                0x10000000                        __logical_binary_start = .
 *(.vectors)
 .vectors       0x10000000      0x124 CMakeFiles/adc-pulse.dir/C_/Users/3bdel/.pico-sdk/sdk/2.1.1/src/rp2_common/pico_crt0/crt0.S.obj
                0x10000000                __VECTOR_TABLE
                0x10000000                __vectors
                0x10000110                __default_isrs_start
                0x10000110                isr_invalid
                0x10000112                isr_nmi
                0x10000114                isr_hardfault
                0x10000116                isr_svcall
                0x10000118                isr_pendsv
                0x1000011a                isr_systick
                0x1000011c                isr_irq31
                0x1000011c                isr_irq5
                0x1000011c                isr_irq11
                0x1000011c                isr_irq32
                0x1000011c                isr_irq23
                0x1000011c                isr_irq48
                0x1000011c                isr_irq35
                0x1000011c                isr_irq18
                0x1000011c                isr_irq50
                0x1000011c                isr_irq27
                0x1000011c                isr_irq40
                0x1000011c                isr_irq28
                0x1000011c                isr_irq19
                0x1000011c                isr_irq36
                0x1000011c                isr_irq41
                0x1000011c                isr_irq0
                0x1000011c                isr_irq6
                0x1000011c                isr_irq45
                0x1000011c                isr_irq12
                0x1000011c                isr_irq37
                0x1000011c                isr_irq42
                0x1000011c                isr_irq22
                0x1000011c                isr_irq43
                0x1000011c                isr_irq17
                0x1000011c                isr_irq38
                0x1000011c                isr_irq14
                0x1000011c                isr_irq13
                0x1000011c                isr_irq2
                0x1000011c                isr_irq10
                0x1000011c                isr_irq8
                0x1000011c                isr_irq24
                0x1000011c                isr_irq46
                0x1000011c                isr_irq1
                0x1000011c                isr_irq47
                0x1000011c                isr_irq51
                0x1000011c                isr_irq7
                0x1000011c                isr_irq21
                0x1000011c                isr_irq39
                0x1000011c                isr_irq20
                0x1000011c                isr_irq15
                0x1000011c                isr_irq25
                0x1000011c                isr_irq34
                0x1000011c                isr_irq49
                0x1000011c                __unhandled_user_irq
                0x1000011c                isr_irq4
                0x1000011c                isr_irq16
                0x1000011c                isr_irq44
                0x1000011c                isr_irq29
                0x1000011c                isr_irq26
                0x1000011c                __default_isrs_end
                0x1000011c                isr_irq33
                0x1000011c                isr_irq3
                0x1000011c                isr_irq30
                0x1000011c                isr_irq9
                0x10000122                unhandled_user_irq_num_in_r0
 *(.binary_info_header)
 .binary_info_header
                0x10000124       0x14 CMakeFiles/adc-pulse.dir/C_/Users/3bdel/.pico-sdk/sdk/2.1.1/src/rp2_common/pico_crt0/crt0.S.obj
                0x10000138                        __binary_info_header_end = .
 *(.embedded_block)
 .embedded_block
                0x10000138       0x14 CMakeFiles/adc-pulse.dir/C_/Users/3bdel/.pico-sdk/sdk/2.1.1/src/rp2_common/pico_crt0/crt0.S.obj
                0x1000014c                        __embedded_block_end = .
 *(.reset)
 .reset         0x1000014c       0xa0 CMakeFiles/adc-pulse.dir/C_/Users/3bdel/.pico-sdk/sdk/2.1.1/src/rp2_common/pico_crt0/crt0.S.obj
                0x1000014c                _entry_point
 *(.init)
 .init          0x100001ec        0x4 C:/Users/3bdel/.pico-sdk/toolchain/14_2_Rel1/bin/../lib/gcc/arm-none-eabi/14.2.1/thumb/v8-m.main+fp/softfp/crti.o
                0x100001ec                _init
 SORT_BY_NAME(REVERSE(*libgcc.a:cmse_nonsecure_call.o))()
 *(EXCLUDE_FILE(*libm.a: *libc.a:*lib_a-mem*.o *libgcc.a:) .text*)
 .text.register_tm_clones
                0x100001f0       0x28 C:/Users/3bdel/.pico-sdk/toolchain/14_2_Rel1/bin/../lib/gcc/arm-none-eabi/14.2.1/thumb/v8-m.main+fp/softfp/crtbegin.o
 .text.frame_dummy
                0x10000218       0x24 C:/Users/3bdel/.pico-sdk/toolchain/14_2_Rel1/bin/../lib/gcc/arm-none-eabi/14.2.1/thumb/v8-m.main+fp/softfp/crtbegin.o
 .text.process_command
                0x1000023c      0x140 CMakeFiles/adc-pulse.dir/main.c.obj
                0x1000023c                process_command
 .text.startup.main
                0x1000037c       0xb0 CMakeFiles/adc-pulse.dir/main.c.obj
                0x1000037c                main
 .text.dac_init
                0x1000042c       0x40 CMakeFiles/adc-pulse.dir/dac/dac.c.obj
                0x1000042c                dac_init
 .text.dac      0x1000046c       0x80 CMakeFiles/adc-pulse.dir/dac/dac.c.obj
                0x1000046c                dac
 .text.pio_adc_init
                0x100004ec      0x440 CMakeFiles/adc-pulse.dir/adc/adc.c.obj
                0x100004ec                pio_adc_init
 .text.pulse_adc_trigger
                0x1000092c      0x1dc CMakeFiles/adc-pulse.dir/adc/adc.c.obj
                0x1000092c                pulse_adc_trigger
 .text.adc      0x10000b08       0x3c CMakeFiles/adc-pulse.dir/adc/adc.c.obj
                0x10000b08                adc
 .text.max14866_init
                0x10000b44      0x144 CMakeFiles/adc-pulse.dir/max/max14866.c.obj
                0x10000b44                max14866_init
 .text.max14866_write
                0x10000c88       0x7c CMakeFiles/adc-pulse.dir/max/max14866.c.obj
                0x10000c88                max14866_write
 .text.max14866_set
                0x10000d04       0x20 CMakeFiles/adc-pulse.dir/max/max14866.c.obj
                0x10000d04                max14866_set
 .text.max14866_clear
                0x10000d24       0x20 CMakeFiles/adc-pulse.dir/max/max14866.c.obj
                0x10000d24                max14866_clear
 .text.max14866
                0x10000d44       0x2c CMakeFiles/adc-pulse.dir/max/max14866.c.obj
                0x10000d44                max14866
 .text.gpio_set_function
                0x10000d70       0x3c CMakeFiles/adc-pulse.dir/C_/Users/3bdel/.pico-sdk/sdk/2.1.1/src/rp2_common/hardware_gpio/gpio.c.obj
                0x10000d70                gpio_set_function
 .text.gpio_init
                0x10000dac       0x48 CMakeFiles/adc-pulse.dir/C_/Users/3bdel/.pico-sdk/sdk/2.1.1/src/rp2_common/hardware_gpio/gpio.c.obj
                0x10000dac                gpio_init
 .text.panic    0x10000df4       0x30 CMakeFiles/adc-pulse.dir/C_/Users/3bdel/.pico-sdk/sdk/2.1.1/src/rp2_common/pico_platform_panic/panic.c.obj
                0x10000df4                panic
 .text.hw_claim_lock
                0x10000e24       0x24 CMakeFiles/adc-pulse.dir/C_/Users/3bdel/.pico-sdk/sdk/2.1.1/src/common/hardware_claim/claim.c.obj
                0x10000e24                hw_claim_lock
 .text.hw_claim_unlock
                0x10000e48       0x14 CMakeFiles/adc-pulse.dir/C_/Users/3bdel/.pico-sdk/sdk/2.1.1/src/common/hardware_claim/claim.c.obj
                0x10000e48                hw_claim_unlock
 .text.hw_claim_or_assert
                0x10000e5c       0x58 CMakeFiles/adc-pulse.dir/C_/Users/3bdel/.pico-sdk/sdk/2.1.1/src/common/hardware_claim/claim.c.obj
                0x10000e5c                hw_claim_or_assert
 .text.hw_claim_unused_from_range
                0x10000eb4       0x80 CMakeFiles/adc-pulse.dir/C_/Users/3bdel/.pico-sdk/sdk/2.1.1/src/common/hardware_claim/claim.c.obj
                0x10000eb4                hw_claim_unused_from_range
 .text.next_striped_spin_lock_num
                0x10000f34       0x18 CMakeFiles/adc-pulse.dir/C_/Users/3bdel/.pico-sdk/sdk/2.1.1/src/rp2_common/hardware_sync/sync.c.obj
                0x10000f34                next_striped_spin_lock_num
 .text.spin_lock_claim_unused
                0x10000f4c       0x20 CMakeFiles/adc-pulse.dir/C_/Users/3bdel/.pico-sdk/sdk/2.1.1/src/rp2_common/hardware_sync/sync.c.obj
                0x10000f4c                spin_lock_claim_unused
 .text.spinlock_set_extexclall
                0x10000f6c       0x10 CMakeFiles/adc-pulse.dir/C_/Users/3bdel/.pico-sdk/sdk/2.1.1/src/rp2_common/hardware_sync_spin_lock/sync_spin_lock.c.obj
 .text.spin_locks_reset
                0x10000f7c       0x18 CMakeFiles/adc-pulse.dir/C_/Users/3bdel/.pico-sdk/sdk/2.1.1/src/rp2_common/hardware_sync_spin_lock/sync_spin_lock.c.obj
                0x10000f7c                spin_locks_reset
 .text.runtime_init_per_core_irq_priorities
                0x10000f94       0x40 CMakeFiles/adc-pulse.dir/C_/Users/3bdel/.pico-sdk/sdk/2.1.1/src/rp2_common/hardware_irq/irq.c.obj
                0x10000f94                runtime_init_per_core_irq_priorities
 .text.irq_set_enabled
                0x10000fd4       0x2c CMakeFiles/adc-pulse.dir/C_/Users/3bdel/.pico-sdk/sdk/2.1.1/src/rp2_common/hardware_irq/irq.c.obj
                0x10000fd4                irq_set_enabled
 .text.irq_is_enabled
                0x10001000       0x20 CMakeFiles/adc-pulse.dir/C_/Users/3bdel/.pico-sdk/sdk/2.1.1/src/rp2_common/hardware_irq/irq.c.obj
                0x10001000                irq_is_enabled
 .text.irq_set_pending
                0x10001020       0x18 CMakeFiles/adc-pulse.dir/C_/Users/3bdel/.pico-sdk/sdk/2.1.1/src/rp2_common/hardware_irq/irq.c.obj
                0x10001020                irq_set_pending
 .text.irq_has_shared_handler
                0x10001038       0x20 CMakeFiles/adc-pulse.dir/C_/Users/3bdel/.pico-sdk/sdk/2.1.1/src/rp2_common/hardware_irq/irq.c.obj
                0x10001038                irq_has_shared_handler
 .text.irq_set_exclusive_handler
                0x10001058       0x60 CMakeFiles/adc-pulse.dir/C_/Users/3bdel/.pico-sdk/sdk/2.1.1/src/rp2_common/hardware_irq/irq.c.obj
                0x10001058                irq_set_exclusive_handler
 .text.irq_add_shared_handler
                0x100010b8      0x1e8 CMakeFiles/adc-pulse.dir/C_/Users/3bdel/.pico-sdk/sdk/2.1.1/src/rp2_common/hardware_irq/irq.c.obj
                0x100010b8                irq_add_shared_handler
 .text.irq_add_tail_to_free_list
                0x100012a0       0xbc CMakeFiles/adc-pulse.dir/C_/Users/3bdel/.pico-sdk/sdk/2.1.1/src/rp2_common/hardware_irq/irq.c.obj
                0x100012a0                irq_add_tail_to_free_list
 .text.user_irq_claim_unused
                0x1000135c       0x28 CMakeFiles/adc-pulse.dir/C_/Users/3bdel/.pico-sdk/sdk/2.1.1/src/rp2_common/hardware_irq/irq.c.obj
                0x1000135c                user_irq_claim_unused
 .text.lock_init
                0x10001384        0xc CMakeFiles/adc-pulse.dir/C_/Users/3bdel/.pico-sdk/sdk/2.1.1/src/common/pico_sync/lock_core.c.obj
                0x10001384                lock_init
 .text.runtime_init_mutex
                0x10001390       0x4c CMakeFiles/adc-pulse.dir/C_/Users/3bdel/.pico-sdk/sdk/2.1.1/src/common/pico_sync/mutex.c.obj
                0x10001390                runtime_init_mutex
 .text.mutex_init
                0x100013dc       0x1c CMakeFiles/adc-pulse.dir/C_/Users/3bdel/.pico-sdk/sdk/2.1.1/src/common/pico_sync/mutex.c.obj
                0x100013dc                mutex_init
 .text.critical_section_init
                0x100013f8       0x1c CMakeFiles/adc-pulse.dir/C_/Users/3bdel/.pico-sdk/sdk/2.1.1/src/common/pico_sync/critical_section.c.obj
                0x100013f8                critical_section_init
 .text.critical_section_init_with_lock_num
                0x10001414       0x10 CMakeFiles/adc-pulse.dir/C_/Users/3bdel/.pico-sdk/sdk/2.1.1/src/common/pico_sync/critical_section.c.obj
                0x10001414                critical_section_init_with_lock_num
 .text.sleep_until_callback
                0x10001424       0x3c CMakeFiles/adc-pulse.dir/C_/Users/3bdel/.pico-sdk/sdk/2.1.1/src/common/pico_time/time.c.obj
 .text.alarm_pool_irq_handler
                0x10001460      0x2f0 CMakeFiles/adc-pulse.dir/C_/Users/3bdel/.pico-sdk/sdk/2.1.1/src/common/pico_time/time.c.obj
 .text.runtime_init_default_alarm_pool
                0x10001750      0x100 CMakeFiles/adc-pulse.dir/C_/Users/3bdel/.pico-sdk/sdk/2.1.1/src/common/pico_time/time.c.obj
                0x10001750                runtime_init_default_alarm_pool
 .text.alarm_pool_get_default
                0x10001850        0x8 CMakeFiles/adc-pulse.dir/C_/Users/3bdel/.pico-sdk/sdk/2.1.1/src/common/pico_time/time.c.obj
                0x10001850                alarm_pool_get_default
 .text.alarm_pool_add_alarm_at
                0x10001858       0xdc CMakeFiles/adc-pulse.dir/C_/Users/3bdel/.pico-sdk/sdk/2.1.1/src/common/pico_time/time.c.obj
                0x10001858                alarm_pool_add_alarm_at
 .text.alarm_pool_add_alarm_at_force_in_context
                0x10001934       0xc8 CMakeFiles/adc-pulse.dir/C_/Users/3bdel/.pico-sdk/sdk/2.1.1/src/common/pico_time/time.c.obj
                0x10001934                alarm_pool_add_alarm_at_force_in_context
 .text.alarm_pool_cancel_alarm
                0x100019fc       0x80 CMakeFiles/adc-pulse.dir/C_/Users/3bdel/.pico-sdk/sdk/2.1.1/src/common/pico_time/time.c.obj
                0x100019fc                alarm_pool_cancel_alarm
 .text.alarm_pool_core_num
                0x10001a7c        0x4 CMakeFiles/adc-pulse.dir/C_/Users/3bdel/.pico-sdk/sdk/2.1.1/src/common/pico_time/time.c.obj
                0x10001a7c                alarm_pool_core_num
 .text.sleep_us
                0x10001a80       0xd8 CMakeFiles/adc-pulse.dir/C_/Users/3bdel/.pico-sdk/sdk/2.1.1/src/common/pico_time/time.c.obj
                0x10001a80                sleep_us
 .text.sleep_ms
                0x10001b58       0xdc CMakeFiles/adc-pulse.dir/C_/Users/3bdel/.pico-sdk/sdk/2.1.1/src/common/pico_time/time.c.obj
                0x10001b58                sleep_ms
 .text.best_effort_wfe_or_timeout
                0x10001c34       0xd4 CMakeFiles/adc-pulse.dir/C_/Users/3bdel/.pico-sdk/sdk/2.1.1/src/common/pico_time/time.c.obj
                0x10001c34                best_effort_wfe_or_timeout
 .text.timer_hardware_alarm_claim
                0x10001d08       0x24 CMakeFiles/adc-pulse.dir/C_/Users/3bdel/.pico-sdk/sdk/2.1.1/src/rp2_common/hardware_timer/timer.c.obj
                0x10001d08                timer_hardware_alarm_claim
 .text.timer_time_us_64
                0x10001d2c       0x10 CMakeFiles/adc-pulse.dir/C_/Users/3bdel/.pico-sdk/sdk/2.1.1/src/rp2_common/hardware_timer/timer.c.obj
                0x10001d2c                timer_time_us_64
 .text.time_us_64
                0x10001d3c       0x14 CMakeFiles/adc-pulse.dir/C_/Users/3bdel/.pico-sdk/sdk/2.1.1/src/rp2_common/hardware_timer/timer.c.obj
                0x10001d3c                time_us_64
 .text.busy_wait_us
                0x10001d50       0x5c CMakeFiles/adc-pulse.dir/C_/Users/3bdel/.pico-sdk/sdk/2.1.1/src/rp2_common/hardware_timer/timer.c.obj
                0x10001d50                busy_wait_us
 .text.busy_wait_until
                0x10001dac       0x24 CMakeFiles/adc-pulse.dir/C_/Users/3bdel/.pico-sdk/sdk/2.1.1/src/rp2_common/hardware_timer/timer.c.obj
                0x10001dac                busy_wait_until
 .text.clock_configure_undivided
                0x10001dd0       0xd0 CMakeFiles/adc-pulse.dir/C_/Users/3bdel/.pico-sdk/sdk/2.1.1/src/rp2_common/hardware_clocks/clocks.c.obj
                0x10001dd0                clock_configure_undivided
 .text.clock_get_hz
                0x10001ea0        0xc CMakeFiles/adc-pulse.dir/C_/Users/3bdel/.pico-sdk/sdk/2.1.1/src/rp2_common/hardware_clocks/clocks.c.obj
                0x10001ea0                clock_get_hz
 .text.pll_init
                0x10001eac       0x8c CMakeFiles/adc-pulse.dir/C_/Users/3bdel/.pico-sdk/sdk/2.1.1/src/rp2_common/hardware_pll/pll.c.obj
                0x10001eac                pll_init
 .text.watchdog_reboot
                0x10001f38       0x98 CMakeFiles/adc-pulse.dir/C_/Users/3bdel/.pico-sdk/sdk/2.1.1/src/rp2_common/hardware_watchdog/watchdog.c.obj
                0x10001f38                watchdog_reboot
 .text.tick_start
                0x10001fd0       0x18 CMakeFiles/adc-pulse.dir/C_/Users/3bdel/.pico-sdk/sdk/2.1.1/src/rp2_common/hardware_ticks/ticks.c.obj
                0x10001fd0                tick_start
 .text.rom_reboot.constprop.0.isra.0
                0x10001fe8       0x34 CMakeFiles/adc-pulse.dir/C_/Users/3bdel/.pico-sdk/sdk/2.1.1/src/rp2_common/pico_bootrom/bootrom.c.obj
 .text.rom_func_lookup
                0x1000201c       0x18 CMakeFiles/adc-pulse.dir/C_/Users/3bdel/.pico-sdk/sdk/2.1.1/src/rp2_common/pico_bootrom/bootrom.c.obj
                0x1000201c                rom_func_lookup
 .text.rom_reset_usb_boot_extra
                0x10002034       0x1c CMakeFiles/adc-pulse.dir/C_/Users/3bdel/.pico-sdk/sdk/2.1.1/src/rp2_common/pico_bootrom/bootrom.c.obj
                0x10002034                rom_reset_usb_boot_extra
 .text.runtime_init_bootrom_locking_enable
                0x10002050       0x14 CMakeFiles/adc-pulse.dir/C_/Users/3bdel/.pico-sdk/sdk/2.1.1/src/rp2_common/pico_bootrom/bootrom_lock.c.obj
                0x10002050                runtime_init_bootrom_locking_enable
 .text.runtime_init_boot_locks_reset
                0x10002064       0x1c CMakeFiles/adc-pulse.dir/C_/Users/3bdel/.pico-sdk/sdk/2.1.1/src/rp2_common/hardware_boot_lock/boot_lock.c.obj
                0x10002064                runtime_init_boot_locks_reset
 .text.xosc_init
                0x10002080       0x30 CMakeFiles/adc-pulse.dir/C_/Users/3bdel/.pico-sdk/sdk/2.1.1/src/rp2_common/hardware_xosc/xosc.c.obj
                0x10002080                xosc_init
 .text.first_per_core_initializer
                0x100020b0        0x4 CMakeFiles/adc-pulse.dir/C_/Users/3bdel/.pico-sdk/sdk/2.1.1/src/rp2_common/pico_runtime/runtime.c.obj
 .text.hard_assertion_failure
                0x100020b4        0xc CMakeFiles/adc-pulse.dir/C_/Users/3bdel/.pico-sdk/sdk/2.1.1/src/rp2_common/pico_runtime/runtime.c.obj
                0x100020b4                hard_assertion_failure
 .text.runtime_run_initializers
                0x100020c0       0x20 CMakeFiles/adc-pulse.dir/C_/Users/3bdel/.pico-sdk/sdk/2.1.1/src/rp2_common/pico_runtime/runtime.c.obj
                0x100020c0                runtime_run_initializers
 .text.runtime_init_early_resets
                0x100020e0       0x34 CMakeFiles/adc-pulse.dir/C_/Users/3bdel/.pico-sdk/sdk/2.1.1/src/rp2_common/pico_runtime_init/runtime_init.c.obj
                0x100020e0                runtime_init_early_resets
 .text.runtime_init_usb_power_down
                0x10002114       0x1c CMakeFiles/adc-pulse.dir/C_/Users/3bdel/.pico-sdk/sdk/2.1.1/src/rp2_common/pico_runtime_init/runtime_init.c.obj
                0x10002114                runtime_init_usb_power_down
 .text.runtime_init_per_core_enable_coprocessors
                0x10002130       0x1c CMakeFiles/adc-pulse.dir/C_/Users/3bdel/.pico-sdk/sdk/2.1.1/src/rp2_common/pico_runtime_init/runtime_init.c.obj
                0x10002130                runtime_init_per_core_enable_coprocessors
 .text.runtime_init_post_clock_resets
                0x1000214c       0x20 CMakeFiles/adc-pulse.dir/C_/Users/3bdel/.pico-sdk/sdk/2.1.1/src/rp2_common/pico_runtime_init/runtime_init.c.obj
                0x1000214c                runtime_init_post_clock_resets
 .text.runtime_init_bootrom_reset
                0x1000216c       0x14 CMakeFiles/adc-pulse.dir/C_/Users/3bdel/.pico-sdk/sdk/2.1.1/src/rp2_common/pico_runtime_init/runtime_init.c.obj
                0x1000216c                runtime_init_bootrom_reset
 .text.runtime_init_per_core_bootrom_reset
                0x10002180       0x14 CMakeFiles/adc-pulse.dir/C_/Users/3bdel/.pico-sdk/sdk/2.1.1/src/rp2_common/pico_runtime_init/runtime_init.c.obj
                0x10002180                runtime_init_per_core_bootrom_reset
 .text.runtime_init_spin_locks_reset
                0x10002194        0x4 CMakeFiles/adc-pulse.dir/C_/Users/3bdel/.pico-sdk/sdk/2.1.1/src/rp2_common/pico_runtime_init/runtime_init.c.obj
                0x10002194                runtime_init_spin_locks_reset
 .text.runtime_init_install_ram_vector_table
                0x10002198       0x20 CMakeFiles/adc-pulse.dir/C_/Users/3bdel/.pico-sdk/sdk/2.1.1/src/rp2_common/pico_runtime_init/runtime_init.c.obj
                0x10002198                runtime_init_install_ram_vector_table
 .text.runtime_init_clocks
                0x100021b8       0xdc CMakeFiles/adc-pulse.dir/C_/Users/3bdel/.pico-sdk/sdk/2.1.1/src/rp2_common/pico_runtime_init/runtime_init_clocks.c.obj
                0x100021b8                runtime_init_clocks
 .text.__rp2350_dcp_engaged_state_save_restore
                0x10002294       0x3a CMakeFiles/adc-pulse.dir/C_/Users/3bdel/.pico-sdk/sdk/2.1.1/src/rp2_common/pico_double/double_aeabi_dcp.S.obj
 *fill*         0x100022ce        0x2 
 .text.__wrap___aeabi_dadd
                0x100022d0       0x28 CMakeFiles/adc-pulse.dir/C_/Users/3bdel/.pico-sdk/sdk/2.1.1/src/rp2_common/pico_double/double_aeabi_dcp.S.obj
                0x100022d8                __wrap___aeabi_dadd
 .text.__wrap___aeabi_dsub
                0x100022f8       0x28 CMakeFiles/adc-pulse.dir/C_/Users/3bdel/.pico-sdk/sdk/2.1.1/src/rp2_common/pico_double/double_aeabi_dcp.S.obj
                0x10002300                __wrap___aeabi_dsub
 .text.__wrap___aeabi_dmul
                0x10002320       0x4c CMakeFiles/adc-pulse.dir/C_/Users/3bdel/.pico-sdk/sdk/2.1.1/src/rp2_common/pico_double/double_aeabi_dcp.S.obj
                0x10002328                __wrap___aeabi_dmul
 .text.__wrap___aeabi_ddiv
                0x1000236c       0x9c CMakeFiles/adc-pulse.dir/C_/Users/3bdel/.pico-sdk/sdk/2.1.1/src/rp2_common/pico_double/double_aeabi_dcp.S.obj
                0x10002374                __wrap___aeabi_ddiv
 .text.__wrap___aeabi_i2d
                0x10002408       0x24 CMakeFiles/adc-pulse.dir/C_/Users/3bdel/.pico-sdk/sdk/2.1.1/src/rp2_common/pico_double/double_aeabi_dcp.S.obj
                0x10002410                int2double
                0x10002410                __wrap___aeabi_i2d
 .text.__wrap___aeabi_ui2d
                0x1000242c       0x24 CMakeFiles/adc-pulse.dir/C_/Users/3bdel/.pico-sdk/sdk/2.1.1/src/rp2_common/pico_double/double_aeabi_dcp.S.obj
                0x10002434                uint2double
                0x10002434                __wrap___aeabi_ui2d
 .text.__wrap___aeabi_d2iz
                0x10002450       0x24 CMakeFiles/adc-pulse.dir/C_/Users/3bdel/.pico-sdk/sdk/2.1.1/src/rp2_common/pico_double/double_aeabi_dcp.S.obj
                0x10002458                double2int_z
                0x10002458                __wrap___aeabi_d2iz
 .text.__wrap___aeabi_d2uiz
                0x10002474       0x24 CMakeFiles/adc-pulse.dir/C_/Users/3bdel/.pico-sdk/sdk/2.1.1/src/rp2_common/pico_double/double_aeabi_dcp.S.obj
                0x1000247c                double2uint
                0x1000247c                __wrap___aeabi_d2uiz
                0x1000247c                double2uint_z
 .text.__wrap___aeabi_dcmpun
                0x10002498       0x24 CMakeFiles/adc-pulse.dir/C_/Users/3bdel/.pico-sdk/sdk/2.1.1/src/rp2_common/pico_double/double_aeabi_dcp.S.obj
                0x100024a0                __wrap___aeabi_dcmpun
 .text.__wrap___aeabi_dcmplt
                0x100024bc       0x28 CMakeFiles/adc-pulse.dir/C_/Users/3bdel/.pico-sdk/sdk/2.1.1/src/rp2_common/pico_double/double_aeabi_dcp.S.obj
                0x100024c4                __wrap___aeabi_dcmplt
 .text.__wrap___aeabi_dcmple
                0x100024e4       0x28 CMakeFiles/adc-pulse.dir/C_/Users/3bdel/.pico-sdk/sdk/2.1.1/src/rp2_common/pico_double/double_aeabi_dcp.S.obj
                0x100024ec                __wrap___aeabi_dcmple
 .text.__wrap___aeabi_dcmpge
                0x1000250c       0x28 CMakeFiles/adc-pulse.dir/C_/Users/3bdel/.pico-sdk/sdk/2.1.1/src/rp2_common/pico_double/double_aeabi_dcp.S.obj
                0x10002514                __wrap___aeabi_dcmpge
 .text.__wrap___aeabi_dcmpgt
                0x10002534       0x28 CMakeFiles/adc-pulse.dir/C_/Users/3bdel/.pico-sdk/sdk/2.1.1/src/rp2_common/pico_double/double_aeabi_dcp.S.obj
                0x1000253c                __wrap___aeabi_dcmpgt
 .text._out_buffer
                0x1000255c        0x8 CMakeFiles/adc-pulse.dir/C_/Users/3bdel/.pico-sdk/sdk/2.1.1/src/rp2_common/pico_printf/printf.c.obj
 .text._out_null
                0x10002564        0x4 CMakeFiles/adc-pulse.dir/C_/Users/3bdel/.pico-sdk/sdk/2.1.1/src/rp2_common/pico_printf/printf.c.obj
 .text._out_rev
                0x10002568       0x9c CMakeFiles/adc-pulse.dir/C_/Users/3bdel/.pico-sdk/sdk/2.1.1/src/rp2_common/pico_printf/printf.c.obj
 .text._ntoa_format
                0x10002604      0x1d4 CMakeFiles/adc-pulse.dir/C_/Users/3bdel/.pico-sdk/sdk/2.1.1/src/rp2_common/pico_printf/printf.c.obj
 .text._out_char
                0x100027d8        0x8 CMakeFiles/adc-pulse.dir/C_/Users/3bdel/.pico-sdk/sdk/2.1.1/src/rp2_common/pico_printf/printf.c.obj
 .text._out_fct
                0x100027e0        0xc CMakeFiles/adc-pulse.dir/C_/Users/3bdel/.pico-sdk/sdk/2.1.1/src/rp2_common/pico_printf/printf.c.obj
 *fill*         0x100027ec        0x4 
 .text._ftoa    0x100027f0      0x4bc CMakeFiles/adc-pulse.dir/C_/Users/3bdel/.pico-sdk/sdk/2.1.1/src/rp2_common/pico_printf/printf.c.obj
 *fill*         0x10002cac        0x4 
 .text._etoa    0x10002cb0      0x574 CMakeFiles/adc-pulse.dir/C_/Users/3bdel/.pico-sdk/sdk/2.1.1/src/rp2_common/pico_printf/printf.c.obj
 .text._vsnprintf
                0x10003224      0x9e4 CMakeFiles/adc-pulse.dir/C_/Users/3bdel/.pico-sdk/sdk/2.1.1/src/rp2_common/pico_printf/printf.c.obj
 .text.__wrap_snprintf
                0x10003c08       0x2c CMakeFiles/adc-pulse.dir/C_/Users/3bdel/.pico-sdk/sdk/2.1.1/src/rp2_common/pico_printf/printf.c.obj
                0x10003c08                __wrap_snprintf
 .text.vfctprintf
                0x10003c34       0x28 CMakeFiles/adc-pulse.dir/C_/Users/3bdel/.pico-sdk/sdk/2.1.1/src/rp2_common/pico_printf/printf.c.obj
                0x10003c34                vfctprintf
 .text.weak_raw_vprintf
                0x10003c5c       0x30 CMakeFiles/adc-pulse.dir/C_/Users/3bdel/.pico-sdk/sdk/2.1.1/src/rp2_common/pico_printf/printf.c.obj
                0x10003c5c                weak_raw_vprintf
 .text._exit    0x10003c8c        0x4 CMakeFiles/adc-pulse.dir/C_/Users/3bdel/.pico-sdk/sdk/2.1.1/src/rp2_common/pico_clib_interface/newlib_interface.c.obj
                0x10003c8c                _exit
 .text._sbrk    0x10003c90       0x2c CMakeFiles/adc-pulse.dir/C_/Users/3bdel/.pico-sdk/sdk/2.1.1/src/rp2_common/pico_clib_interface/newlib_interface.c.obj
                0x10003c90                _sbrk
 .text._read    0x10003cbc       0x1c CMakeFiles/adc-pulse.dir/C_/Users/3bdel/.pico-sdk/sdk/2.1.1/src/rp2_common/pico_clib_interface/newlib_interface.c.obj
                0x10003cbc                _read
 .text._write   0x10003cd8       0x20 CMakeFiles/adc-pulse.dir/C_/Users/3bdel/.pico-sdk/sdk/2.1.1/src/rp2_common/pico_clib_interface/newlib_interface.c.obj
                0x10003cd8                _write
 .text._close   0x10003cf8        0x8 CMakeFiles/adc-pulse.dir/C_/Users/3bdel/.pico-sdk/sdk/2.1.1/src/rp2_common/pico_clib_interface/newlib_interface.c.obj
                0x10003cf8                _close
 .text._lseek   0x10003d00        0x8 CMakeFiles/adc-pulse.dir/C_/Users/3bdel/.pico-sdk/sdk/2.1.1/src/rp2_common/pico_clib_interface/newlib_interface.c.obj
                0x10003d00                _lseek
 .text.exit     0x10003d08        0x8 CMakeFiles/adc-pulse.dir/C_/Users/3bdel/.pico-sdk/sdk/2.1.1/src/rp2_common/pico_clib_interface/newlib_interface.c.obj
                0x10003d08                exit
 .text.runtime_init
                0x10003d10       0x24 CMakeFiles/adc-pulse.dir/C_/Users/3bdel/.pico-sdk/sdk/2.1.1/src/rp2_common/pico_clib_interface/newlib_interface.c.obj
                0x10003d10                runtime_init
 .text.stdio_out_chars_no_crlf
                0x10003d34        0x8 CMakeFiles/adc-pulse.dir/C_/Users/3bdel/.pico-sdk/sdk/2.1.1/src/rp2_common/pico_stdio/stdio.c.obj
 .text.stdio_out_chars_crlf
                0x10003d3c       0xb0 CMakeFiles/adc-pulse.dir/C_/Users/3bdel/.pico-sdk/sdk/2.1.1/src/rp2_common/pico_stdio/stdio.c.obj
 .text.stdio_buffered_printer
                0x10003dec       0x60 CMakeFiles/adc-pulse.dir/C_/Users/3bdel/.pico-sdk/sdk/2.1.1/src/rp2_common/pico_stdio/stdio.c.obj
 .text.stdio_put_string
                0x10003e4c       0xec CMakeFiles/adc-pulse.dir/C_/Users/3bdel/.pico-sdk/sdk/2.1.1/src/rp2_common/pico_stdio/stdio.c.obj
                0x10003e4c                stdio_put_string
 .text.stdio_get_until
                0x10003f38       0x7c CMakeFiles/adc-pulse.dir/C_/Users/3bdel/.pico-sdk/sdk/2.1.1/src/rp2_common/pico_stdio/stdio.c.obj
                0x10003f38                stdio_get_until
 .text.stdio_set_driver_enabled
                0x10003fb4       0x28 CMakeFiles/adc-pulse.dir/C_/Users/3bdel/.pico-sdk/sdk/2.1.1/src/rp2_common/pico_stdio/stdio.c.obj
                0x10003fb4                stdio_set_driver_enabled
 .text.stdio_init_all
                0x10003fdc        0x4 CMakeFiles/adc-pulse.dir/C_/Users/3bdel/.pico-sdk/sdk/2.1.1/src/rp2_common/pico_stdio/stdio.c.obj
                0x10003fdc                stdio_init_all
 .text.__wrap_getchar
                0x10003fe0       0x70 CMakeFiles/adc-pulse.dir/C_/Users/3bdel/.pico-sdk/sdk/2.1.1/src/rp2_common/pico_stdio/stdio.c.obj
                0x10003fe0                stdio_getchar
                0x10003fe0                __wrap_getchar
 .text.__wrap_putchar
                0x10004050       0x84 CMakeFiles/adc-pulse.dir/C_/Users/3bdel/.pico-sdk/sdk/2.1.1/src/rp2_common/pico_stdio/stdio.c.obj
                0x10004050                __wrap_putchar
                0x10004050                stdio_putchar
 .text.__wrap_puts
                0x100040d4       0x3c CMakeFiles/adc-pulse.dir/C_/Users/3bdel/.pico-sdk/sdk/2.1.1/src/rp2_common/pico_stdio/stdio.c.obj
                0x100040d4                stdio_puts
                0x100040d4                __wrap_puts
 .text.__wrap_vprintf
                0x10004110       0xc4 CMakeFiles/adc-pulse.dir/C_/Users/3bdel/.pico-sdk/sdk/2.1.1/src/rp2_common/pico_stdio/stdio.c.obj
                0x10004110                stdio_vprintf
                0x10004110                __wrap_vprintf
 .text.__wrap_printf
                0x100041d4       0x1c CMakeFiles/adc-pulse.dir/C_/Users/3bdel/.pico-sdk/sdk/2.1.1/src/rp2_common/pico_stdio/stdio.c.obj
                0x100041d4                __wrap_printf
                0x100041d4                stdio_printf
 .text.resetd_init
                0x100041f0        0x4 CMakeFiles/adc-pulse.dir/C_/Users/3bdel/.pico-sdk/sdk/2.1.1/src/rp2_common/pico_stdio_usb/reset_interface.c.obj
 .text.resetd_reset
                0x100041f4        0xc CMakeFiles/adc-pulse.dir/C_/Users/3bdel/.pico-sdk/sdk/2.1.1/src/rp2_common/pico_stdio_usb/reset_interface.c.obj
 .text.resetd_open
                0x10004200       0x28 CMakeFiles/adc-pulse.dir/C_/Users/3bdel/.pico-sdk/sdk/2.1.1/src/rp2_common/pico_stdio_usb/reset_interface.c.obj
 .text.resetd_xfer_cb
                0x10004228        0x4 CMakeFiles/adc-pulse.dir/C_/Users/3bdel/.pico-sdk/sdk/2.1.1/src/rp2_common/pico_stdio_usb/reset_interface.c.obj
 .text.resetd_control_xfer_cb
                0x1000422c       0x50 CMakeFiles/adc-pulse.dir/C_/Users/3bdel/.pico-sdk/sdk/2.1.1/src/rp2_common/pico_stdio_usb/reset_interface.c.obj
 .text.tud_descriptor_bos_cb
                0x1000427c        0x8 CMakeFiles/adc-pulse.dir/C_/Users/3bdel/.pico-sdk/sdk/2.1.1/src/rp2_common/pico_stdio_usb/reset_interface.c.obj
                0x1000427c                tud_descriptor_bos_cb
 .text.tud_vendor_control_xfer_cb
                0x10004284       0x28 CMakeFiles/adc-pulse.dir/C_/Users/3bdel/.pico-sdk/sdk/2.1.1/src/rp2_common/pico_stdio_usb/reset_interface.c.obj
                0x10004284                tud_vendor_control_xfer_cb
 .text.usbd_app_driver_get_cb
                0x100042ac       0x10 CMakeFiles/adc-pulse.dir/C_/Users/3bdel/.pico-sdk/sdk/2.1.1/src/rp2_common/pico_stdio_usb/reset_interface.c.obj
                0x100042ac                usbd_app_driver_get_cb
 .text.tud_cdc_line_coding_cb
                0x100042bc       0x18 CMakeFiles/adc-pulse.dir/C_/Users/3bdel/.pico-sdk/sdk/2.1.1/src/rp2_common/pico_stdio_usb/reset_interface.c.obj
                0x100042bc                tud_cdc_line_coding_cb
 .text.stdio_usb_set_chars_available_callback
                0x100042d4       0x14 CMakeFiles/adc-pulse.dir/C_/Users/3bdel/.pico-sdk/sdk/2.1.1/src/rp2_common/pico_stdio_usb/stdio_usb.c.obj
                0x100042d4                stdio_usb_set_chars_available_callback
 .text.timer_task
                0x100042e8       0x70 CMakeFiles/adc-pulse.dir/C_/Users/3bdel/.pico-sdk/sdk/2.1.1/src/rp2_common/pico_stdio_usb/stdio_usb.c.obj
 .text.usb_irq  0x10004358        0xc CMakeFiles/adc-pulse.dir/C_/Users/3bdel/.pico-sdk/sdk/2.1.1/src/rp2_common/pico_stdio_usb/stdio_usb.c.obj
 .text.stdio_usb_in_chars
                0x10004364       0x88 CMakeFiles/adc-pulse.dir/C_/Users/3bdel/.pico-sdk/sdk/2.1.1/src/rp2_common/pico_stdio_usb/stdio_usb.c.obj
                0x10004364                stdio_usb_in_chars
 .text.stdio_usb_out_flush
                0x100043ec       0x54 CMakeFiles/adc-pulse.dir/C_/Users/3bdel/.pico-sdk/sdk/2.1.1/src/rp2_common/pico_stdio_usb/stdio_usb.c.obj
 .text.stdio_usb_out_chars
                0x10004440       0xf4 CMakeFiles/adc-pulse.dir/C_/Users/3bdel/.pico-sdk/sdk/2.1.1/src/rp2_common/pico_stdio_usb/stdio_usb.c.obj
 .text.low_priority_worker_irq
                0x10004534       0xd8 CMakeFiles/adc-pulse.dir/C_/Users/3bdel/.pico-sdk/sdk/2.1.1/src/rp2_common/pico_stdio_usb/stdio_usb.c.obj
 .text.stdio_usb_init
                0x1000460c       0xe8 CMakeFiles/adc-pulse.dir/C_/Users/3bdel/.pico-sdk/sdk/2.1.1/src/rp2_common/pico_stdio_usb/stdio_usb.c.obj
                0x1000460c                stdio_usb_init
 .text.stdio_usb_connected
                0x100046f4        0x8 CMakeFiles/adc-pulse.dir/C_/Users/3bdel/.pico-sdk/sdk/2.1.1/src/rp2_common/pico_stdio_usb/stdio_usb.c.obj
                0x100046f4                stdio_usb_connected
 .text.tud_descriptor_device_cb
                0x100046fc        0x8 CMakeFiles/adc-pulse.dir/C_/Users/3bdel/.pico-sdk/sdk/2.1.1/src/rp2_common/pico_stdio_usb/stdio_usb_descriptors.c.obj
                0x100046fc                tud_descriptor_device_cb
 .text.tud_descriptor_configuration_cb
                0x10004704        0x8 CMakeFiles/adc-pulse.dir/C_/Users/3bdel/.pico-sdk/sdk/2.1.1/src/rp2_common/pico_stdio_usb/stdio_usb_descriptors.c.obj
                0x10004704                tud_descriptor_configuration_cb
 .text.tud_descriptor_string_cb
                0x1000470c       0x70 CMakeFiles/adc-pulse.dir/C_/Users/3bdel/.pico-sdk/sdk/2.1.1/src/rp2_common/pico_stdio_usb/stdio_usb_descriptors.c.obj
                0x1000470c                tud_descriptor_string_cb
 .text.startup._retrieve_unique_id_on_boot
                0x1000477c       0x30 CMakeFiles/adc-pulse.dir/C_/Users/3bdel/.pico-sdk/sdk/2.1.1/src/rp2_common/pico_unique_id/unique_id.c.obj
 .text.pico_get_unique_board_id_string
                0x100047ac      0x184 CMakeFiles/adc-pulse.dir/C_/Users/3bdel/.pico-sdk/sdk/2.1.1/src/rp2_common/pico_unique_id/unique_id.c.obj
                0x100047ac                pico_get_unique_board_id_string
 .text.dcd_init
                0x10004930       0x8c CMakeFiles/adc-pulse.dir/C_/Users/3bdel/.pico-sdk/sdk/2.1.1/lib/tinyusb/src/portable/raspberrypi/rp2040/dcd_rp2040.c.obj
                0x10004930                dcd_init
 .text.dcd_int_enable
                0x100049bc        0x8 CMakeFiles/adc-pulse.dir/C_/Users/3bdel/.pico-sdk/sdk/2.1.1/lib/tinyusb/src/portable/raspberrypi/rp2040/dcd_rp2040.c.obj
                0x100049bc                dcd_int_enable
 .text.dcd_set_address
                0x100049c4       0x10 CMakeFiles/adc-pulse.dir/C_/Users/3bdel/.pico-sdk/sdk/2.1.1/lib/tinyusb/src/portable/raspberrypi/rp2040/dcd_rp2040.c.obj
                0x100049c4                dcd_set_address
 .text.dcd_sof_enable
                0x100049d4       0x1c CMakeFiles/adc-pulse.dir/C_/Users/3bdel/.pico-sdk/sdk/2.1.1/lib/tinyusb/src/portable/raspberrypi/rp2040/dcd_rp2040.c.obj
                0x100049d4                dcd_sof_enable
 .text.dcd_edpt0_status_complete
                0x100049f0       0x1c CMakeFiles/adc-pulse.dir/C_/Users/3bdel/.pico-sdk/sdk/2.1.1/lib/tinyusb/src/portable/raspberrypi/rp2040/dcd_rp2040.c.obj
                0x100049f0                dcd_edpt0_status_complete
 .text.dcd_edpt_open
                0x10004a0c      0x104 CMakeFiles/adc-pulse.dir/C_/Users/3bdel/.pico-sdk/sdk/2.1.1/lib/tinyusb/src/portable/raspberrypi/rp2040/dcd_rp2040.c.obj
                0x10004a0c                dcd_edpt_open
 .text.dcd_edpt_close_all
                0x10004b10        0x4 CMakeFiles/adc-pulse.dir/C_/Users/3bdel/.pico-sdk/sdk/2.1.1/lib/tinyusb/src/portable/raspberrypi/rp2040/dcd_rp2040.c.obj
                0x10004b10                dcd_edpt_close_all
 .text.dcd_edpt_xfer
                0x10004b14       0x28 CMakeFiles/adc-pulse.dir/C_/Users/3bdel/.pico-sdk/sdk/2.1.1/lib/tinyusb/src/portable/raspberrypi/rp2040/dcd_rp2040.c.obj
                0x10004b14                dcd_edpt_xfer
 .text.dcd_edpt_stall
                0x10004b3c       0x30 CMakeFiles/adc-pulse.dir/C_/Users/3bdel/.pico-sdk/sdk/2.1.1/lib/tinyusb/src/portable/raspberrypi/rp2040/dcd_rp2040.c.obj
                0x10004b3c                dcd_edpt_stall
 .text.dcd_edpt_clear_stall
                0x10004b6c       0x24 CMakeFiles/adc-pulse.dir/C_/Users/3bdel/.pico-sdk/sdk/2.1.1/lib/tinyusb/src/portable/raspberrypi/rp2040/dcd_rp2040.c.obj
                0x10004b6c                dcd_edpt_clear_stall
 .text.rp2040_usb_init
                0x10004b90       0x40 CMakeFiles/adc-pulse.dir/C_/Users/3bdel/.pico-sdk/sdk/2.1.1/lib/tinyusb/src/portable/raspberrypi/rp2040/rp2040_usb.c.obj
                0x10004b90                rp2040_usb_init
 .text.hw_endpoint_xfer_start
                0x10004bd0       0x40 CMakeFiles/adc-pulse.dir/C_/Users/3bdel/.pico-sdk/sdk/2.1.1/lib/tinyusb/src/portable/raspberrypi/rp2040/rp2040_usb.c.obj
                0x10004bd0                hw_endpoint_xfer_start
 .text.configuration_reset
                0x10004c10       0x8c CMakeFiles/adc-pulse.dir/C_/Users/3bdel/.pico-sdk/sdk/2.1.1/lib/tinyusb/src/device/usbd.c.obj
 .text.tud_event_hook_cb
                0x10004c9c        0x4 CMakeFiles/adc-pulse.dir/C_/Users/3bdel/.pico-sdk/sdk/2.1.1/lib/tinyusb/src/device/usbd.c.obj
                0x10004c9c                tud_event_hook_cb
 .text.tud_sof_cb
                0x10004ca0        0x4 CMakeFiles/adc-pulse.dir/C_/Users/3bdel/.pico-sdk/sdk/2.1.1/lib/tinyusb/src/device/usbd.c.obj
                0x10004ca0                tud_sof_cb
 .text.tud_descriptor_device_qualifier_cb
                0x10004ca4        0x4 CMakeFiles/adc-pulse.dir/C_/Users/3bdel/.pico-sdk/sdk/2.1.1/lib/tinyusb/src/device/usbd.c.obj
                0x10004ca4                tud_descriptor_device_qualifier_cb
 .text.tud_descriptor_other_speed_configuration_cb
                0x10004ca8        0x4 CMakeFiles/adc-pulse.dir/C_/Users/3bdel/.pico-sdk/sdk/2.1.1/lib/tinyusb/src/device/usbd.c.obj
                0x10004ca8                tud_descriptor_other_speed_configuration_cb
 .text.tud_mount_cb
                0x10004cac        0x4 CMakeFiles/adc-pulse.dir/C_/Users/3bdel/.pico-sdk/sdk/2.1.1/lib/tinyusb/src/device/usbd.c.obj
                0x10004cac                tud_mount_cb
 .text.tud_umount_cb
                0x10004cb0        0x4 CMakeFiles/adc-pulse.dir/C_/Users/3bdel/.pico-sdk/sdk/2.1.1/lib/tinyusb/src/device/usbd.c.obj
                0x10004cb0                tud_umount_cb
 .text.tud_suspend_cb
                0x10004cb4        0x4 CMakeFiles/adc-pulse.dir/C_/Users/3bdel/.pico-sdk/sdk/2.1.1/lib/tinyusb/src/device/usbd.c.obj
                0x10004cb4                tud_suspend_cb
 .text.tud_resume_cb
                0x10004cb8        0x4 CMakeFiles/adc-pulse.dir/C_/Users/3bdel/.pico-sdk/sdk/2.1.1/lib/tinyusb/src/device/usbd.c.obj
                0x10004cb8                tud_resume_cb
 .text.tud_mounted
                0x10004cbc       0x10 CMakeFiles/adc-pulse.dir/C_/Users/3bdel/.pico-sdk/sdk/2.1.1/lib/tinyusb/src/device/usbd.c.obj
                0x10004cbc                tud_mounted
 .text.tud_suspended
                0x10004ccc       0x10 CMakeFiles/adc-pulse.dir/C_/Users/3bdel/.pico-sdk/sdk/2.1.1/lib/tinyusb/src/device/usbd.c.obj
                0x10004ccc                tud_suspended
 .text.tud_rhport_init
                0x10004cdc       0xf4 CMakeFiles/adc-pulse.dir/C_/Users/3bdel/.pico-sdk/sdk/2.1.1/lib/tinyusb/src/device/usbd.c.obj
                0x10004cdc                tud_rhport_init
 .text.tud_task_ext
                0x10004dd0      0x784 CMakeFiles/adc-pulse.dir/C_/Users/3bdel/.pico-sdk/sdk/2.1.1/lib/tinyusb/src/device/usbd.c.obj
                0x10004dd0                tud_task_ext
 .text.usbd_open_edpt_pair
                0x10005554       0x9c CMakeFiles/adc-pulse.dir/C_/Users/3bdel/.pico-sdk/sdk/2.1.1/lib/tinyusb/src/device/usbd.c.obj
                0x10005554                usbd_open_edpt_pair
 .text.usbd_edpt_open
                0x100055f0       0x44 CMakeFiles/adc-pulse.dir/C_/Users/3bdel/.pico-sdk/sdk/2.1.1/lib/tinyusb/src/device/usbd.c.obj
                0x100055f0                usbd_edpt_open
 .text.usbd_edpt_claim
                0x10005634       0x24 CMakeFiles/adc-pulse.dir/C_/Users/3bdel/.pico-sdk/sdk/2.1.1/lib/tinyusb/src/device/usbd.c.obj
                0x10005634                usbd_edpt_claim
 .text.usbd_edpt_release
                0x10005658       0x24 CMakeFiles/adc-pulse.dir/C_/Users/3bdel/.pico-sdk/sdk/2.1.1/lib/tinyusb/src/device/usbd.c.obj
                0x10005658                usbd_edpt_release
 .text.usbd_edpt_xfer
                0x1000567c       0x70 CMakeFiles/adc-pulse.dir/C_/Users/3bdel/.pico-sdk/sdk/2.1.1/lib/tinyusb/src/device/usbd.c.obj
                0x1000567c                usbd_edpt_xfer
 .text.tud_control_status
                0x100056ec       0x34 CMakeFiles/adc-pulse.dir/C_/Users/3bdel/.pico-sdk/sdk/2.1.1/lib/tinyusb/src/device/usbd_control.c.obj
                0x100056ec                tud_control_status
 .text.tud_control_xfer
                0x10005720       0xb0 CMakeFiles/adc-pulse.dir/C_/Users/3bdel/.pico-sdk/sdk/2.1.1/lib/tinyusb/src/device/usbd_control.c.obj
                0x10005720                tud_control_xfer
 .text.usbd_control_reset
                0x100057d0       0x14 CMakeFiles/adc-pulse.dir/C_/Users/3bdel/.pico-sdk/sdk/2.1.1/lib/tinyusb/src/device/usbd_control.c.obj
                0x100057d0                usbd_control_reset
 .text.usbd_control_set_complete_callback
                0x100057e4        0xc CMakeFiles/adc-pulse.dir/C_/Users/3bdel/.pico-sdk/sdk/2.1.1/lib/tinyusb/src/device/usbd_control.c.obj
                0x100057e4                usbd_control_set_complete_callback
 .text.usbd_control_set_request
                0x100057f0       0x1c CMakeFiles/adc-pulse.dir/C_/Users/3bdel/.pico-sdk/sdk/2.1.1/lib/tinyusb/src/device/usbd_control.c.obj
                0x100057f0                usbd_control_set_request
 .text.usbd_control_xfer_cb
                0x1000580c      0x100 CMakeFiles/adc-pulse.dir/C_/Users/3bdel/.pico-sdk/sdk/2.1.1/lib/tinyusb/src/device/usbd_control.c.obj
                0x1000580c                usbd_control_xfer_cb
 .text._prep_out_transaction.isra.0
                0x1000590c       0x74 CMakeFiles/adc-pulse.dir/C_/Users/3bdel/.pico-sdk/sdk/2.1.1/lib/tinyusb/src/class/cdc/cdc_device.c.obj
 .text.tud_cdc_n_connected
                0x10005980       0x2c CMakeFiles/adc-pulse.dir/C_/Users/3bdel/.pico-sdk/sdk/2.1.1/lib/tinyusb/src/class/cdc/cdc_device.c.obj
                0x10005980                tud_cdc_n_connected
 .text.tud_cdc_n_available
                0x100059ac       0x14 CMakeFiles/adc-pulse.dir/C_/Users/3bdel/.pico-sdk/sdk/2.1.1/lib/tinyusb/src/class/cdc/cdc_device.c.obj
                0x100059ac                tud_cdc_n_available
 .text.tud_cdc_n_read
                0x100059c0       0x90 CMakeFiles/adc-pulse.dir/C_/Users/3bdel/.pico-sdk/sdk/2.1.1/lib/tinyusb/src/class/cdc/cdc_device.c.obj
                0x100059c0                tud_cdc_n_read
 .text.tud_cdc_n_write_flush
                0x10005a50       0x8c CMakeFiles/adc-pulse.dir/C_/Users/3bdel/.pico-sdk/sdk/2.1.1/lib/tinyusb/src/class/cdc/cdc_device.c.obj
                0x10005a50                tud_cdc_n_write_flush
 .text.tud_cdc_n_write
                0x10005adc       0x40 CMakeFiles/adc-pulse.dir/C_/Users/3bdel/.pico-sdk/sdk/2.1.1/lib/tinyusb/src/class/cdc/cdc_device.c.obj
                0x10005adc                tud_cdc_n_write
 .text.tud_cdc_n_write_available
                0x10005b1c       0x14 CMakeFiles/adc-pulse.dir/C_/Users/3bdel/.pico-sdk/sdk/2.1.1/lib/tinyusb/src/class/cdc/cdc_device.c.obj
                0x10005b1c                tud_cdc_n_write_available
 .text.cdcd_init
                0x10005b30       0x70 CMakeFiles/adc-pulse.dir/C_/Users/3bdel/.pico-sdk/sdk/2.1.1/lib/tinyusb/src/class/cdc/cdc_device.c.obj
                0x10005b30                cdcd_init
 .text.cdcd_deinit
                0x10005ba0       0x30 CMakeFiles/adc-pulse.dir/C_/Users/3bdel/.pico-sdk/sdk/2.1.1/lib/tinyusb/src/class/cdc/cdc_device.c.obj
                0x10005ba0                cdcd_deinit
 .text.cdcd_reset
                0x10005bd0       0x4c CMakeFiles/adc-pulse.dir/C_/Users/3bdel/.pico-sdk/sdk/2.1.1/lib/tinyusb/src/class/cdc/cdc_device.c.obj
                0x10005bd0                cdcd_reset
 .text.cdcd_open
                0x10005c1c       0xc0 CMakeFiles/adc-pulse.dir/C_/Users/3bdel/.pico-sdk/sdk/2.1.1/lib/tinyusb/src/class/cdc/cdc_device.c.obj
                0x10005c1c                cdcd_open
 .text.cdcd_control_xfer_cb
                0x10005cdc       0xc0 CMakeFiles/adc-pulse.dir/C_/Users/3bdel/.pico-sdk/sdk/2.1.1/lib/tinyusb/src/class/cdc/cdc_device.c.obj
                0x10005cdc                cdcd_control_xfer_cb
 .text.cdcd_xfer_cb
                0x10005d9c       0xf8 CMakeFiles/adc-pulse.dir/C_/Users/3bdel/.pico-sdk/sdk/2.1.1/lib/tinyusb/src/class/cdc/cdc_device.c.obj
                0x10005d9c                cdcd_xfer_cb
 .text.vendord_init
                0x10005e94       0x5c CMakeFiles/adc-pulse.dir/C_/Users/3bdel/.pico-sdk/sdk/2.1.1/lib/tinyusb/src/class/vendor/vendor_device.c.obj
                0x10005e94                vendord_init
 .text.vendord_deinit
                0x10005ef0       0x1c CMakeFiles/adc-pulse.dir/C_/Users/3bdel/.pico-sdk/sdk/2.1.1/lib/tinyusb/src/class/vendor/vendor_device.c.obj
                0x10005ef0                vendord_deinit
 .text.vendord_reset
                0x10005f0c       0x24 CMakeFiles/adc-pulse.dir/C_/Users/3bdel/.pico-sdk/sdk/2.1.1/lib/tinyusb/src/class/vendor/vendor_device.c.obj
                0x10005f0c                vendord_reset
 .text.vendord_open
                0x10005f30       0xf4 CMakeFiles/adc-pulse.dir/C_/Users/3bdel/.pico-sdk/sdk/2.1.1/lib/tinyusb/src/class/vendor/vendor_device.c.obj
                0x10005f30                vendord_open
 .text.vendord_xfer_cb
                0x10006024       0x88 CMakeFiles/adc-pulse.dir/C_/Users/3bdel/.pico-sdk/sdk/2.1.1/lib/tinyusb/src/class/vendor/vendor_device.c.obj
                0x10006024                vendord_xfer_cb
 .text.tusb_rhport_init
                0x100060ac       0x64 CMakeFiles/adc-pulse.dir/C_/Users/3bdel/.pico-sdk/sdk/2.1.1/lib/tinyusb/src/tusb.c.obj
                0x100060ac                tusb_rhport_init
 .text.tu_edpt_claim
                0x10006110       0x54 CMakeFiles/adc-pulse.dir/C_/Users/3bdel/.pico-sdk/sdk/2.1.1/lib/tinyusb/src/tusb.c.obj
                0x10006110                tu_edpt_claim
 .text.tu_edpt_release
                0x10006164       0x38 CMakeFiles/adc-pulse.dir/C_/Users/3bdel/.pico-sdk/sdk/2.1.1/lib/tinyusb/src/tusb.c.obj
                0x10006164                tu_edpt_release
 .text.tu_edpt_validate
                0x1000619c       0x60 CMakeFiles/adc-pulse.dir/C_/Users/3bdel/.pico-sdk/sdk/2.1.1/lib/tinyusb/src/tusb.c.obj
                0x1000619c                tu_edpt_validate
 .text.tu_edpt_bind_driver
                0x100061fc       0x58 CMakeFiles/adc-pulse.dir/C_/Users/3bdel/.pico-sdk/sdk/2.1.1/lib/tinyusb/src/tusb.c.obj
                0x100061fc                tu_edpt_bind_driver
 .text.tu_edpt_stream_init
                0x10006254       0x58 CMakeFiles/adc-pulse.dir/C_/Users/3bdel/.pico-sdk/sdk/2.1.1/lib/tinyusb/src/tusb.c.obj
                0x10006254                tu_edpt_stream_init
 .text.tu_edpt_stream_deinit
                0x100062ac        0x4 CMakeFiles/adc-pulse.dir/C_/Users/3bdel/.pico-sdk/sdk/2.1.1/lib/tinyusb/src/tusb.c.obj
                0x100062ac                tu_edpt_stream_deinit
 .text.tu_edpt_stream_write_zlp_if_needed
                0x100062b0       0x68 CMakeFiles/adc-pulse.dir/C_/Users/3bdel/.pico-sdk/sdk/2.1.1/lib/tinyusb/src/tusb.c.obj
                0x100062b0                tu_edpt_stream_write_zlp_if_needed
 .text.tu_edpt_stream_write_xfer
                0x10006318       0x70 CMakeFiles/adc-pulse.dir/C_/Users/3bdel/.pico-sdk/sdk/2.1.1/lib/tinyusb/src/tusb.c.obj
                0x10006318                tu_edpt_stream_write_xfer
 .text.tu_edpt_stream_read_xfer
                0x10006388       0xc8 CMakeFiles/adc-pulse.dir/C_/Users/3bdel/.pico-sdk/sdk/2.1.1/lib/tinyusb/src/tusb.c.obj
                0x10006388                tu_edpt_stream_read_xfer
 .text.tu_fifo_config
                0x10006450       0x60 CMakeFiles/adc-pulse.dir/C_/Users/3bdel/.pico-sdk/sdk/2.1.1/lib/tinyusb/src/common/tusb_fifo.c.obj
                0x10006450                tu_fifo_config
 .text.tu_fifo_count
                0x100064b0       0x20 CMakeFiles/adc-pulse.dir/C_/Users/3bdel/.pico-sdk/sdk/2.1.1/lib/tinyusb/src/common/tusb_fifo.c.obj
                0x100064b0                tu_fifo_count
 .text.tu_fifo_empty
                0x100064d0       0x14 CMakeFiles/adc-pulse.dir/C_/Users/3bdel/.pico-sdk/sdk/2.1.1/lib/tinyusb/src/common/tusb_fifo.c.obj
                0x100064d0                tu_fifo_empty
 .text.tu_fifo_remaining
                0x100064e4       0x24 CMakeFiles/adc-pulse.dir/C_/Users/3bdel/.pico-sdk/sdk/2.1.1/lib/tinyusb/src/common/tusb_fifo.c.obj
                0x100064e4                tu_fifo_remaining
 .text.tu_fifo_read
                0x10006508       0x94 CMakeFiles/adc-pulse.dir/C_/Users/3bdel/.pico-sdk/sdk/2.1.1/lib/tinyusb/src/common/tusb_fifo.c.obj
                0x10006508                tu_fifo_read
 .text.tu_fifo_read_n
                0x1000659c       0xd8 CMakeFiles/adc-pulse.dir/C_/Users/3bdel/.pico-sdk/sdk/2.1.1/lib/tinyusb/src/common/tusb_fifo.c.obj
                0x1000659c                tu_fifo_read_n
 .text.tu_fifo_write
                0x10006674       0xa4 CMakeFiles/adc-pulse.dir/C_/Users/3bdel/.pico-sdk/sdk/2.1.1/lib/tinyusb/src/common/tusb_fifo.c.obj
                0x10006674                tu_fifo_write
 .text.tu_fifo_write_n
                0x10006718      0x15c CMakeFiles/adc-pulse.dir/C_/Users/3bdel/.pico-sdk/sdk/2.1.1/lib/tinyusb/src/common/tusb_fifo.c.obj
                0x10006718                tu_fifo_write_n
 .text.tu_fifo_clear
                0x10006874       0x38 CMakeFiles/adc-pulse.dir/C_/Users/3bdel/.pico-sdk/sdk/2.1.1/lib/tinyusb/src/common/tusb_fifo.c.obj
                0x10006874                tu_fifo_clear
 .text.tu_fifo_set_overwritable
                0x100068ac       0x3c CMakeFiles/adc-pulse.dir/C_/Users/3bdel/.pico-sdk/sdk/2.1.1/lib/tinyusb/src/common/tusb_fifo.c.obj
                0x100068ac                tu_fifo_set_overwritable
 .text.pio_claim_unused_sm
                0x100068e8       0x38 CMakeFiles/adc-pulse.dir/C_/Users/3bdel/.pico-sdk/sdk/2.1.1/src/rp2_common/hardware_pio/pio.c.obj
                0x100068e8                pio_claim_unused_sm
 .text.pio_add_program
                0x10006920       0xf4 CMakeFiles/adc-pulse.dir/C_/Users/3bdel/.pico-sdk/sdk/2.1.1/src/rp2_common/hardware_pio/pio.c.obj
                0x10006920                pio_add_program
 .text.pio_sm_set_consecutive_pindirs
                0x10006a14       0x8c CMakeFiles/adc-pulse.dir/C_/Users/3bdel/.pico-sdk/sdk/2.1.1/src/rp2_common/hardware_pio/pio.c.obj
                0x10006a14                pio_sm_set_consecutive_pindirs
 .text.pio_sm_init
                0x10006aa0       0xa8 CMakeFiles/adc-pulse.dir/C_/Users/3bdel/.pico-sdk/sdk/2.1.1/src/rp2_common/hardware_pio/pio.c.obj
                0x10006aa0                pio_sm_init
 .text.dma_claim_unused_channel
                0x10006b48       0x20 CMakeFiles/adc-pulse.dir/C_/Users/3bdel/.pico-sdk/sdk/2.1.1/src/rp2_common/hardware_dma/dma.c.obj
                0x10006b48                dma_claim_unused_channel
 .text.atoi     0x10006b68        0x8 C:/Users/3bdel/.pico-sdk/toolchain/14_2_Rel1/bin/../lib/gcc/arm-none-eabi/14.2.1/thumb/v8-m.main+fp/softfp\libg.a(libc_a-atoi.o)
                0x10006b68                atoi
 .text.__malloc_lock
                0x10006b70        0xc C:/Users/3bdel/.pico-sdk/toolchain/14_2_Rel1/bin/../lib/gcc/arm-none-eabi/14.2.1/thumb/v8-m.main+fp/softfp\libg.a(libc_a-mlock.o)
                0x10006b70                __malloc_lock
 .text.__malloc_unlock
                0x10006b7c        0xc C:/Users/3bdel/.pico-sdk/toolchain/14_2_Rel1/bin/../lib/gcc/arm-none-eabi/14.2.1/thumb/v8-m.main+fp/softfp\libg.a(libc_a-mlock.o)
                0x10006b7c                __malloc_unlock
 .text._strtol_l.part.0
                0x10006b88      0x1c8 C:/Users/3bdel/.pico-sdk/toolchain/14_2_Rel1/bin/../lib/gcc/arm-none-eabi/14.2.1/thumb/v8-m.main+fp/softfp\libg.a(libc_a-strtol.o)
 .text.strtol   0x10006d50       0x2c C:/Users/3bdel/.pico-sdk/toolchain/14_2_Rel1/bin/../lib/gcc/arm-none-eabi/14.2.1/thumb/v8-m.main+fp/softfp\libg.a(libc_a-strtol.o)
                0x10006d50                strtol
 .text.__sflush_r
                0x10006d7c      0x134 C:/Users/3bdel/.pico-sdk/toolchain/14_2_Rel1/bin/../lib/gcc/arm-none-eabi/14.2.1/thumb/v8-m.main+fp/softfp\libg.a(libc_a-fflush.o)
                0x10006d7c                __sflush_r
 .text._fflush_r
                0x10006eb0       0x54 C:/Users/3bdel/.pico-sdk/toolchain/14_2_Rel1/bin/../lib/gcc/arm-none-eabi/14.2.1/thumb/v8-m.main+fp/softfp\libg.a(libc_a-fflush.o)
                0x10006eb0                _fflush_r
 .text.fflush   0x10006f04       0x74 C:/Users/3bdel/.pico-sdk/toolchain/14_2_Rel1/bin/../lib/gcc/arm-none-eabi/14.2.1/thumb/v8-m.main+fp/softfp\libg.a(libc_a-fflush.o)
                0x10006f04                fflush
 .text.stdio_exit_handler
                0x10006f78       0x18 C:/Users/3bdel/.pico-sdk/toolchain/14_2_Rel1/bin/../lib/gcc/arm-none-eabi/14.2.1/thumb/v8-m.main+fp/softfp\libg.a(libc_a-findfp.o)
 .text.cleanup_stdio
                0x10006f90       0x40 C:/Users/3bdel/.pico-sdk/toolchain/14_2_Rel1/bin/../lib/gcc/arm-none-eabi/14.2.1/thumb/v8-m.main+fp/softfp\libg.a(libc_a-findfp.o)
 .text.global_stdio_init.part.0
                0x10006fd0       0xf0 C:/Users/3bdel/.pico-sdk/toolchain/14_2_Rel1/bin/../lib/gcc/arm-none-eabi/14.2.1/thumb/v8-m.main+fp/softfp\libg.a(libc_a-findfp.o)
 .text.__sinit  0x100070c0       0x3c C:/Users/3bdel/.pico-sdk/toolchain/14_2_Rel1/bin/../lib/gcc/arm-none-eabi/14.2.1/thumb/v8-m.main+fp/softfp\libg.a(libc_a-findfp.o)
                0x100070c0                __sinit
 .text.__sfp_lock_acquire
                0x100070fc        0xc C:/Users/3bdel/.pico-sdk/toolchain/14_2_Rel1/bin/../lib/gcc/arm-none-eabi/14.2.1/thumb/v8-m.main+fp/softfp\libg.a(libc_a-findfp.o)
                0x100070fc                __sfp_lock_acquire
 .text.__sfp_lock_release
                0x10007108        0xc C:/Users/3bdel/.pico-sdk/toolchain/14_2_Rel1/bin/../lib/gcc/arm-none-eabi/14.2.1/thumb/v8-m.main+fp/softfp\libg.a(libc_a-findfp.o)
                0x10007108                __sfp_lock_release
 .text._fwalk_sglue
                0x10007114       0x44 C:/Users/3bdel/.pico-sdk/toolchain/14_2_Rel1/bin/../lib/gcc/arm-none-eabi/14.2.1/thumb/v8-m.main+fp/softfp\libg.a(libc_a-fwalk.o)
                0x10007114                _fwalk_sglue
 .text.__sread  0x10007158       0x24 C:/Users/3bdel/.pico-sdk/toolchain/14_2_Rel1/bin/../lib/gcc/arm-none-eabi/14.2.1/thumb/v8-m.main+fp/softfp\libg.a(libc_a-stdio.o)
                0x10007158                __sread
 .text.__swrite
                0x1000717c       0x40 C:/Users/3bdel/.pico-sdk/toolchain/14_2_Rel1/bin/../lib/gcc/arm-none-eabi/14.2.1/thumb/v8-m.main+fp/softfp\libg.a(libc_a-stdio.o)
                0x1000717c                __swrite
 .text.__sseek  0x100071bc       0x28 C:/Users/3bdel/.pico-sdk/toolchain/14_2_Rel1/bin/../lib/gcc/arm-none-eabi/14.2.1/thumb/v8-m.main+fp/softfp\libg.a(libc_a-stdio.o)
                0x100071bc                __sseek
 .text.__sclose
                0x100071e4        0x8 C:/Users/3bdel/.pico-sdk/toolchain/14_2_Rel1/bin/../lib/gcc/arm-none-eabi/14.2.1/thumb/v8-m.main+fp/softfp\libg.a(libc_a-stdio.o)
                0x100071e4                __sclose
 .text.memset   0x100071ec       0x9c C:/Users/3bdel/.pico-sdk/toolchain/14_2_Rel1/bin/../lib/gcc/arm-none-eabi/14.2.1/thumb/v8-m.main+fp/softfp\libg.a(libc_a-memset.o)
                0x100071ec                memset
 .text.strtok   0x10007288       0x10 C:/Users/3bdel/.pico-sdk/toolchain/14_2_Rel1/bin/../lib/gcc/arm-none-eabi/14.2.1/thumb/v8-m.main+fp/softfp\libg.a(libc_a-strtok.o)
                0x10007288                strtok
 .text.__strtok_r
                0x10007298       0x64 C:/Users/3bdel/.pico-sdk/toolchain/14_2_Rel1/bin/../lib/gcc/arm-none-eabi/14.2.1/thumb/v8-m.main+fp/softfp\libg.a(libc_a-strtok_r.o)
                0x10007298                __strtok_r
 .text._close_r
                0x100072fc       0x24 C:/Users/3bdel/.pico-sdk/toolchain/14_2_Rel1/bin/../lib/gcc/arm-none-eabi/14.2.1/thumb/v8-m.main+fp/softfp\libg.a(libc_a-closer.o)
                0x100072fc                _close_r
 .text._lseek_r
                0x10007320       0x2c C:/Users/3bdel/.pico-sdk/toolchain/14_2_Rel1/bin/../lib/gcc/arm-none-eabi/14.2.1/thumb/v8-m.main+fp/softfp\libg.a(libc_a-lseekr.o)
                0x10007320                _lseek_r
 .text._read_r  0x1000734c       0x2c C:/Users/3bdel/.pico-sdk/toolchain/14_2_Rel1/bin/../lib/gcc/arm-none-eabi/14.2.1/thumb/v8-m.main+fp/softfp\libg.a(libc_a-readr.o)
                0x1000734c                _read_r
 .text._sbrk_r  0x10007378       0x24 C:/Users/3bdel/.pico-sdk/toolchain/14_2_Rel1/bin/../lib/gcc/arm-none-eabi/14.2.1/thumb/v8-m.main+fp/softfp\libg.a(libc_a-sbrkr.o)
                0x10007378                _sbrk_r
 .text._write_r
                0x1000739c       0x2c C:/Users/3bdel/.pico-sdk/toolchain/14_2_Rel1/bin/../lib/gcc/arm-none-eabi/14.2.1/thumb/v8-m.main+fp/softfp\libg.a(libc_a-writer.o)
                0x1000739c                _write_r
 .text.__errno  0x100073c8        0xc C:/Users/3bdel/.pico-sdk/toolchain/14_2_Rel1/bin/../lib/gcc/arm-none-eabi/14.2.1/thumb/v8-m.main+fp/softfp\libg.a(libc_a-errno.o)
                0x100073c8                __errno
 .text.__retarget_lock_init_recursive
                0x100073d4        0x4 C:/Users/3bdel/.pico-sdk/toolchain/14_2_Rel1/bin/../lib/gcc/arm-none-eabi/14.2.1/thumb/v8-m.main+fp/softfp\libg.a(libc_a-lock.o)
                0x100073d4                __retarget_lock_init_recursive
 .text.__retarget_lock_close_recursive
                0x100073d8        0x4 C:/Users/3bdel/.pico-sdk/toolchain/14_2_Rel1/bin/../lib/gcc/arm-none-eabi/14.2.1/thumb/v8-m.main+fp/softfp\libg.a(libc_a-lock.o)
                0x100073d8                __retarget_lock_close_recursive
 .text.__retarget_lock_acquire_recursive
                0x100073dc        0x4 C:/Users/3bdel/.pico-sdk/toolchain/14_2_Rel1/bin/../lib/gcc/arm-none-eabi/14.2.1/thumb/v8-m.main+fp/softfp\libg.a(libc_a-lock.o)
                0x100073dc                __retarget_lock_acquire_recursive
 .text.__retarget_lock_release_recursive
                0x100073e0        0x4 C:/Users/3bdel/.pico-sdk/toolchain/14_2_Rel1/bin/../lib/gcc/arm-none-eabi/14.2.1/thumb/v8-m.main+fp/softfp\libg.a(libc_a-lock.o)
                0x100073e0                __retarget_lock_release_recursive
 .text.sysconf  0x100073e4       0x1c C:/Users/3bdel/.pico-sdk/toolchain/14_2_Rel1/bin/../lib/gcc/arm-none-eabi/14.2.1/thumb/v8-m.main+fp/softfp\libg.a(libc_a-sysconf.o)
                0x100073e4                sysconf
 .text          0x10007400      0x1bc C:/Users/3bdel/.pico-sdk/toolchain/14_2_Rel1/bin/../lib/gcc/arm-none-eabi/14.2.1/thumb/v8-m.main+fp/softfp\libg.a(libc_a-strcmp.o)
                0x10007400                strcmp
 .text          0x100075bc       0xec C:/Users/3bdel/.pico-sdk/toolchain/14_2_Rel1/bin/../lib/gcc/arm-none-eabi/14.2.1/thumb/v8-m.main+fp/softfp\libg.a(libc_a-memcpy.o)
                0x100075bc                memcpy
 .text.strlen   0x100076a8       0x5c C:/Users/3bdel/.pico-sdk/toolchain/14_2_Rel1/bin/../lib/gcc/arm-none-eabi/14.2.1/thumb/v8-m.main+fp/softfp\libg.a(libc_a-strlen-stub.o)
                0x100076a8                strlen
 .text._malloc_trim_r
                0x10007704       0xb8 C:/Users/3bdel/.pico-sdk/toolchain/14_2_Rel1/bin/../lib/gcc/arm-none-eabi/14.2.1/thumb/v8-m.main+fp/softfp\libg.a(libc_a-freer.o)
                0x10007704                _malloc_trim_r
 .text._free_r  0x100077bc      0x1e8 C:/Users/3bdel/.pico-sdk/toolchain/14_2_Rel1/bin/../lib/gcc/arm-none-eabi/14.2.1/thumb/v8-m.main+fp/softfp\libg.a(libc_a-freer.o)
                0x100077bc                _free_r
 .text._fclose_r
                0x100079a4       0xc0 C:/Users/3bdel/.pico-sdk/toolchain/14_2_Rel1/bin/../lib/gcc/arm-none-eabi/14.2.1/thumb/v8-m.main+fp/softfp\libg.a(libc_a-fclose.o)
                0x100079a4                _fclose_r
 *(.fini)
 .fini          0x10007a64        0x4 C:/Users/3bdel/.pico-sdk/toolchain/14_2_Rel1/bin/../lib/gcc/arm-none-eabi/14.2.1/thumb/v8-m.main+fp/softfp/crti.o
                0x10007a64                _fini
 .fini.__stub   0x10007a68       0x50 linker stubs
 *crtbegin.o(.ctors)
 *crtbegin?.o(.ctors)
 *(EXCLUDE_FILE(*crtend.o *crtend?.o) .ctors)
 *(SORT_BY_NAME(.ctors.*))
 *(.ctors)
 *crtbegin.o(.dtors)
 *crtbegin?.o(.dtors)
 *(EXCLUDE_FILE(*crtend.o *crtend?.o) .dtors)
 *(SORT_BY_NAME(.dtors.*))
 *(.dtors)
                0x10007ab8                        . = ALIGN (0x4)
                0x10007ab8                        PROVIDE (__preinit_array_start = .)
 *(SORT_BY_NAME(.preinit_array.*))
 .preinit_array.00050
                0x10007ab8        0x4 CMakeFiles/adc-pulse.dir/C_/Users/3bdel/.pico-sdk/sdk/2.1.1/src/rp2_common/pico_runtime_init/runtime_init.c.obj
                0x10007ab8                __pre_init_runtime_init_bootrom_reset
 .preinit_array.00100
                0x10007abc        0x4 CMakeFiles/adc-pulse.dir/C_/Users/3bdel/.pico-sdk/sdk/2.1.1/src/rp2_common/pico_runtime_init/runtime_init.c.obj
                0x10007abc                __pre_init_runtime_init_early_resets
 .preinit_array.00101
                0x10007ac0        0x4 CMakeFiles/adc-pulse.dir/C_/Users/3bdel/.pico-sdk/sdk/2.1.1/src/rp2_common/pico_runtime_init/runtime_init.c.obj
                0x10007ac0                __pre_init_runtime_init_usb_power_down
 .preinit_array.00500
                0x10007ac4        0x4 CMakeFiles/adc-pulse.dir/C_/Users/3bdel/.pico-sdk/sdk/2.1.1/src/rp2_common/pico_runtime_init/runtime_init.c.obj
                0x10007ac4                __pre_init_runtime_init_clocks
 .preinit_array.00600
                0x10007ac8        0x4 CMakeFiles/adc-pulse.dir/C_/Users/3bdel/.pico-sdk/sdk/2.1.1/src/rp2_common/pico_runtime_init/runtime_init.c.obj
                0x10007ac8                __pre_init_runtime_init_post_clock_resets
 .preinit_array.01000
                0x10007acc        0x4 CMakeFiles/adc-pulse.dir/C_/Users/3bdel/.pico-sdk/sdk/2.1.1/src/rp2_common/hardware_boot_lock/boot_lock.c.obj
                0x10007acc                __pre_init_runtime_init_boot_locks_reset
 .preinit_array.01000
                0x10007ad0        0x4 CMakeFiles/adc-pulse.dir/C_/Users/3bdel/.pico-sdk/sdk/2.1.1/src/rp2_common/pico_runtime_init/runtime_init.c.obj
                0x10007ad0                __pre_init_runtime_init_spin_locks_reset
 .preinit_array.01010
                0x10007ad4        0x4 CMakeFiles/adc-pulse.dir/C_/Users/3bdel/.pico-sdk/sdk/2.1.1/src/rp2_common/pico_bootrom/bootrom_lock.c.obj
                0x10007ad4                __pre_init_runtime_init_bootrom_locking_enable
 .preinit_array.01100
                0x10007ad8        0x4 CMakeFiles/adc-pulse.dir/C_/Users/3bdel/.pico-sdk/sdk/2.1.1/src/common/pico_sync/mutex.c.obj
                0x10007ad8                __pre_init_runtime_init_mutex
 .preinit_array.10080
                0x10007adc        0x4 CMakeFiles/adc-pulse.dir/C_/Users/3bdel/.pico-sdk/sdk/2.1.1/src/rp2_common/pico_runtime_init/runtime_init.c.obj
                0x10007adc                __pre_init_runtime_init_install_ram_vector_table
 .preinit_array.11000
                0x10007ae0        0x4 CMakeFiles/adc-pulse.dir/C_/Users/3bdel/.pico-sdk/sdk/2.1.1/src/common/pico_time/time.c.obj
                0x10007ae0                __pre_init_runtime_init_default_alarm_pool
 .preinit_array.YYYYY
                0x10007ae4        0x4 CMakeFiles/adc-pulse.dir/C_/Users/3bdel/.pico-sdk/sdk/2.1.1/src/rp2_common/pico_runtime/runtime.c.obj
                0x10007ae4                __pre_init_first_per_core_initializer
 .preinit_array.ZZZZZ.00051
                0x10007ae8        0x4 CMakeFiles/adc-pulse.dir/C_/Users/3bdel/.pico-sdk/sdk/2.1.1/src/rp2_common/pico_runtime_init/runtime_init.c.obj
                0x10007ae8                __pre_init_runtime_init_per_core_bootrom_reset
 .preinit_array.ZZZZZ.00200
                0x10007aec        0x4 CMakeFiles/adc-pulse.dir/C_/Users/3bdel/.pico-sdk/sdk/2.1.1/src/rp2_common/pico_runtime_init/runtime_init.c.obj
                0x10007aec                __pre_init_runtime_init_per_core_enable_coprocessors
 .preinit_array.ZZZZZ.01000
                0x10007af0        0x4 CMakeFiles/adc-pulse.dir/C_/Users/3bdel/.pico-sdk/sdk/2.1.1/src/rp2_common/hardware_sync_spin_lock/sync_spin_lock.c.obj
                0x10007af0                __pre_init_spinlock_set_extexclall
 .preinit_array.ZZZZZ.01200
                0x10007af4        0x4 CMakeFiles/adc-pulse.dir/C_/Users/3bdel/.pico-sdk/sdk/2.1.1/src/rp2_common/hardware_irq/irq.c.obj
                0x10007af4                __pre_init_runtime_init_per_core_irq_priorities
 *(.preinit_array)
                0x10007af8                        PROVIDE (__preinit_array_end = .)
                0x10007af8                        . = ALIGN (0x4)
                0x10007af8                        PROVIDE (__init_array_start = .)
 *(SORT_BY_NAME(.init_array.*))
 *(.init_array)
 .init_array    0x10007af8        0x4 C:/Users/3bdel/.pico-sdk/toolchain/14_2_Rel1/bin/../lib/gcc/arm-none-eabi/14.2.1/thumb/v8-m.main+fp/softfp/crtbegin.o
 .init_array    0x10007afc        0x4 CMakeFiles/adc-pulse.dir/C_/Users/3bdel/.pico-sdk/sdk/2.1.1/src/rp2_common/pico_unique_id/unique_id.c.obj
                0x10007b00                        PROVIDE (__init_array_end = .)
                0x10007b00                        . = ALIGN (0x4)
                [!provide]                        PROVIDE (__fini_array_start = .)
 *(SORT_BY_NAME(.fini_array.*))
 *(.fini_array)
                [!provide]                        PROVIDE (__fini_array_end = .)
 *(.eh_frame*)
 .eh_frame      0x10007b00        0x0 C:/Users/3bdel/.pico-sdk/toolchain/14_2_Rel1/bin/../lib/gcc/arm-none-eabi/14.2.1/thumb/v8-m.main+fp/softfp/crtbegin.o
                0x10007b00                        . = ALIGN (0x4)

.glue_7         0x10007b00        0x0
 .glue_7        0x10007b00        0x0 linker stubs

.glue_7t        0x10007b00        0x0
 .glue_7t       0x10007b00        0x0 linker stubs

.vfp11_veneer   0x10007b00        0x0
 .vfp11_veneer  0x10007b00        0x0 linker stubs

.v4_bx          0x10007b00        0x0
 .v4_bx         0x10007b00        0x0 linker stubs

.iplt           0x10007b00        0x0
 .iplt          0x10007b00        0x0 C:/Users/3bdel/.pico-sdk/toolchain/14_2_Rel1/bin/../lib/gcc/arm-none-eabi/14.2.1/thumb/v8-m.main+fp/softfp/crtbegin.o

.boot2          0x10007b00        0x0
                0x10007b00                        __boot2_start__ = .
 *(.boot2)
                0x10007b00                        __boot2_end__ = .
                0x00000001                        ASSERT (((__boot2_end__ - __boot2_start__) <= 0x100), ERROR: Pico second stage bootloader must be no more than 256 bytes in size)

.rodata         0x10007b00      0x6e8
 *(EXCLUDE_FILE(*libm.a: *libc.a:*lib_a-mem*.o *libgcc.a:) .rodata*)
 .rodata.process_command.str1.4
                0x10007b00      0x31a CMakeFiles/adc-pulse.dir/main.c.obj
                                 0x41 (size before relaxing)
 .rodata.read_input.str1.4
                0x10007e1a        0x4 CMakeFiles/adc-pulse.dir/main.c.obj
 .rodata.main.str1.4
                0x10007e1a        0x6 CMakeFiles/adc-pulse.dir/main.c.obj
 .rodata.str1.4
                0x10007e1a       0x3d CMakeFiles/adc-pulse.dir/main.c.obj
 .rodata.dac.str1.4
                0x10007e1a       0x26 CMakeFiles/adc-pulse.dir/dac/dac.c.obj
 .rodata.pulse_adc_trigger.str1.4
                0x10007e1a       0x3a CMakeFiles/adc-pulse.dir/adc/adc.c.obj
 .rodata.adc.str1.4
                0x10007e1a       0x4a CMakeFiles/adc-pulse.dir/adc/adc.c.obj
 *fill*         0x10007e1a        0x2 
 .rodata.pulse2_program
                0x10007e1c        0x8 CMakeFiles/adc-pulse.dir/adc/adc.c.obj
 .rodata.pulse2_program_instructions
                0x10007e24        0xc CMakeFiles/adc-pulse.dir/adc/adc.c.obj
 .rodata.pulse1_program
                0x10007e30        0x8 CMakeFiles/adc-pulse.dir/adc/adc.c.obj
 .rodata.pulse1_program_instructions
                0x10007e38       0x14 CMakeFiles/adc-pulse.dir/adc/adc.c.obj
 .rodata.adc_program
                0x10007e4c        0x8 CMakeFiles/adc-pulse.dir/adc/adc.c.obj
 .rodata.adc_program_instructions
                0x10007e54        0xa CMakeFiles/adc-pulse.dir/adc/adc.c.obj
 .rodata.max14866.str1.4
                0x10007e5e       0x33 CMakeFiles/adc-pulse.dir/max/max14866.c.obj
 *fill*         0x10007e5e        0x2 
 .rodata.max14866_program
                0x10007e60        0x8 CMakeFiles/adc-pulse.dir/max/max14866.c.obj
 .rodata.max14866_program_instructions
                0x10007e68        0x4 CMakeFiles/adc-pulse.dir/max/max14866.c.obj
 .rodata.panic.str1.4
                0x10007e6c       0x12 CMakeFiles/adc-pulse.dir/C_/Users/3bdel/.pico-sdk/sdk/2.1.1/src/rp2_common/pico_platform_panic/panic.c.obj
 .rodata.spin_lock_claim_unused.str1.4
                0x10007e6c       0x1b CMakeFiles/adc-pulse.dir/C_/Users/3bdel/.pico-sdk/sdk/2.1.1/src/rp2_common/hardware_sync/sync.c.obj
 .rodata.user_irq_claim_unused.str1.4
                0x10007e6c       0x1b CMakeFiles/adc-pulse.dir/C_/Users/3bdel/.pico-sdk/sdk/2.1.1/src/rp2_common/hardware_irq/irq.c.obj
 *fill*         0x10007e6c        0x4 
 .rodata.at_the_end_of_time
                0x10007e70        0x8 CMakeFiles/adc-pulse.dir/C_/Users/3bdel/.pico-sdk/sdk/2.1.1/src/common/pico_time/time.c.obj
                0x10007e70                at_the_end_of_time
 .rodata.timer_hardware_alarm_claim.str1.4
                0x10007e78       0x22 CMakeFiles/adc-pulse.dir/C_/Users/3bdel/.pico-sdk/sdk/2.1.1/src/rp2_common/hardware_timer/timer.c.obj
 .rodata.hard_assertion_failure.str1.4
                0x10007e78        0xc CMakeFiles/adc-pulse.dir/C_/Users/3bdel/.pico-sdk/sdk/2.1.1/src/rp2_common/pico_runtime/runtime.c.obj
 .rodata.str1.4
                0x10007e78       0x44 CMakeFiles/adc-pulse.dir/C_/Users/3bdel/.pico-sdk/sdk/2.1.1/src/rp2_common/pico_standard_binary_info/standard_binary_info.c.obj
 .rodata.__bi_84
                0x10007e78        0xc CMakeFiles/adc-pulse.dir/C_/Users/3bdel/.pico-sdk/sdk/2.1.1/src/rp2_common/pico_standard_binary_info/standard_binary_info.c.obj
 .rodata.__bi_78
                0x10007e84        0xc CMakeFiles/adc-pulse.dir/C_/Users/3bdel/.pico-sdk/sdk/2.1.1/src/rp2_common/pico_standard_binary_info/standard_binary_info.c.obj
 .rodata.__bi_60
                0x10007e90        0xc CMakeFiles/adc-pulse.dir/C_/Users/3bdel/.pico-sdk/sdk/2.1.1/src/rp2_common/pico_standard_binary_info/standard_binary_info.c.obj
 .rodata.__bi_54
                0x10007e9c        0xc CMakeFiles/adc-pulse.dir/C_/Users/3bdel/.pico-sdk/sdk/2.1.1/src/rp2_common/pico_standard_binary_info/standard_binary_info.c.obj
 .rodata.__bi_48
                0x10007ea8        0xc CMakeFiles/adc-pulse.dir/C_/Users/3bdel/.pico-sdk/sdk/2.1.1/src/rp2_common/pico_standard_binary_info/standard_binary_info.c.obj
 .rodata.__bi_42
                0x10007eb4        0xc CMakeFiles/adc-pulse.dir/C_/Users/3bdel/.pico-sdk/sdk/2.1.1/src/rp2_common/pico_standard_binary_info/standard_binary_info.c.obj
 .rodata.__bi_34
                0x10007ec0        0xc CMakeFiles/adc-pulse.dir/C_/Users/3bdel/.pico-sdk/sdk/2.1.1/src/rp2_common/pico_standard_binary_info/standard_binary_info.c.obj
 .rodata.__bi_26
                0x10007ecc        0xc CMakeFiles/adc-pulse.dir/C_/Users/3bdel/.pico-sdk/sdk/2.1.1/src/rp2_common/pico_standard_binary_info/standard_binary_info.c.obj
 .rodata._ftoa.str1.4
                0x10007ed8       0x15 CMakeFiles/adc-pulse.dir/C_/Users/3bdel/.pico-sdk/sdk/2.1.1/src/rp2_common/pico_printf/printf.c.obj
 .rodata.pow10.0
                0x10007ed8       0x50 CMakeFiles/adc-pulse.dir/C_/Users/3bdel/.pico-sdk/sdk/2.1.1/src/rp2_common/pico_printf/printf.c.obj
 .rodata.crlf_str.0
                0x10007f28        0x2 CMakeFiles/adc-pulse.dir/C_/Users/3bdel/.pico-sdk/sdk/2.1.1/src/rp2_common/pico_stdio/stdio.c.obj
 *fill*         0x10007f2a        0x2 
 .rodata._resetd_driver
                0x10007f2c       0x20 CMakeFiles/adc-pulse.dir/C_/Users/3bdel/.pico-sdk/sdk/2.1.1/src/rp2_common/pico_stdio_usb/reset_interface.c.obj
 .rodata.desc_ms_os_20
                0x10007f4c       0xa6 CMakeFiles/adc-pulse.dir/C_/Users/3bdel/.pico-sdk/sdk/2.1.1/src/rp2_common/pico_stdio_usb/reset_interface.c.obj
 *fill*         0x10007ff2        0x2 
 .rodata.desc_bos
                0x10007ff4       0x21 CMakeFiles/adc-pulse.dir/C_/Users/3bdel/.pico-sdk/sdk/2.1.1/src/rp2_common/pico_stdio_usb/reset_interface.c.obj
                0x10007ff4                desc_bos
 .rodata.str1.4
                0x10008015       0x13 CMakeFiles/adc-pulse.dir/C_/Users/3bdel/.pico-sdk/sdk/2.1.1/src/rp2_common/pico_stdio_usb/stdio_usb.c.obj
 *fill*         0x10008015        0x3 
 .rodata.__bi_197.0
                0x10008018        0xc CMakeFiles/adc-pulse.dir/C_/Users/3bdel/.pico-sdk/sdk/2.1.1/src/rp2_common/pico_stdio_usb/stdio_usb.c.obj
 .rodata.str1.4
                0x10008024       0x2a CMakeFiles/adc-pulse.dir/C_/Users/3bdel/.pico-sdk/sdk/2.1.1/src/rp2_common/pico_stdio_usb/stdio_usb_descriptors.c.obj
 .rodata.usbd_desc_str
                0x10008024       0x18 CMakeFiles/adc-pulse.dir/C_/Users/3bdel/.pico-sdk/sdk/2.1.1/src/rp2_common/pico_stdio_usb/stdio_usb_descriptors.c.obj
 .rodata.usbd_desc_cfg
                0x1000803c       0x54 CMakeFiles/adc-pulse.dir/C_/Users/3bdel/.pico-sdk/sdk/2.1.1/src/rp2_common/pico_stdio_usb/stdio_usb_descriptors.c.obj
 .rodata.usbd_desc_device
                0x10008090       0x12 CMakeFiles/adc-pulse.dir/C_/Users/3bdel/.pico-sdk/sdk/2.1.1/src/rp2_common/pico_stdio_usb/stdio_usb_descriptors.c.obj
 .rodata.str1.4
                0x100080a2       0x14 CMakeFiles/adc-pulse.dir/C_/Users/3bdel/.pico-sdk/sdk/2.1.1/lib/tinyusb/src/portable/raspberrypi/rp2040/dcd_rp2040.c.obj
 .rodata.str1.4
                0x100080a2       0x48 CMakeFiles/adc-pulse.dir/C_/Users/3bdel/.pico-sdk/sdk/2.1.1/lib/tinyusb/src/portable/raspberrypi/rp2040/rp2040_usb.c.obj
 *fill*         0x100080a2        0x2 
 .rodata._usbd_driver
                0x100080a4       0x40 CMakeFiles/adc-pulse.dir/C_/Users/3bdel/.pico-sdk/sdk/2.1.1/lib/tinyusb/src/device/usbd.c.obj
 .rodata.pio_claim_unused_sm.str1.4
                0x100080e4       0x24 CMakeFiles/adc-pulse.dir/C_/Users/3bdel/.pico-sdk/sdk/2.1.1/src/rp2_common/hardware_pio/pio.c.obj
 .rodata.dma_claim_unused_channel.str1.4
                0x100080e4       0x1e CMakeFiles/adc-pulse.dir/C_/Users/3bdel/.pico-sdk/sdk/2.1.1/src/rp2_common/hardware_dma/dma.c.obj
 .rodata._ctype_
                0x100080e4      0x101 C:/Users/3bdel/.pico-sdk/toolchain/14_2_Rel1/bin/../lib/gcc/arm-none-eabi/14.2.1/thumb/v8-m.main+fp/softfp\libg.a(libc_a-ctype_.o)
                0x100080e4                _ctype_
 *(.srodata*)
                0x100081e8                        . = ALIGN (0x4)
 *fill*         0x100081e5        0x3 
 *(SORT_BY_ALIGNMENT(SORT_BY_NAME(.flashdata*)))
                0x100081e8                        . = ALIGN (0x4)

.ARM.extab
 *(.ARM.extab* .gnu.linkonce.armextab.*)
                0x100081e8                        __exidx_start = .

.ARM.exidx      0x100081e8        0x8
 *(.ARM.exidx* .gnu.linkonce.armexidx.*)
 .ARM.exidx     0x100081e8        0x8 C:/Users/3bdel/.pico-sdk/toolchain/14_2_Rel1/bin/../lib/gcc/arm-none-eabi/14.2.1/thumb/v8-m.main+fp/softfp\libg.a(libc_a-strcmp.o)
 .ARM.exidx     0x100081f0        0x0 C:/Users/3bdel/.pico-sdk/toolchain/14_2_Rel1/bin/../lib/gcc/arm-none-eabi/14.2.1/thumb/v8-m.main+fp/softfp\libg.a(libc_a-memcpy.o)
                                  0x8 (size before relaxing)
 .ARM.exidx.text.__udivmoddi4
                0x100081f0        0x0 C:/Users/3bdel/.pico-sdk/toolchain/14_2_Rel1/bin/../lib/gcc/arm-none-eabi/14.2.1/thumb/v8-m.main+fp/softfp\libgcc.a(_udivmoddi4.o)
                                  0x8 (size before relaxing)
                0x100081f0                        __exidx_end = .
                0x100081f0                        . = ALIGN (0x4)
                0x100081f0                        __binary_info_start = .

.binary_info    0x100081f0       0x24
 *(.binary_info.keep.*)
 .binary_info.keep.__bi_ptr84
                0x100081f0        0x4 CMakeFiles/adc-pulse.dir/C_/Users/3bdel/.pico-sdk/sdk/2.1.1/src/rp2_common/pico_standard_binary_info/standard_binary_info.c.obj
 .binary_info.keep.__bi_ptr78
                0x100081f4        0x4 CMakeFiles/adc-pulse.dir/C_/Users/3bdel/.pico-sdk/sdk/2.1.1/src/rp2_common/pico_standard_binary_info/standard_binary_info.c.obj
 .binary_info.keep.__bi_ptr60
                0x100081f8        0x4 CMakeFiles/adc-pulse.dir/C_/Users/3bdel/.pico-sdk/sdk/2.1.1/src/rp2_common/pico_standard_binary_info/standard_binary_info.c.obj
 .binary_info.keep.__bi_ptr54
                0x100081fc        0x4 CMakeFiles/adc-pulse.dir/C_/Users/3bdel/.pico-sdk/sdk/2.1.1/src/rp2_common/pico_standard_binary_info/standard_binary_info.c.obj
 .binary_info.keep.__bi_ptr48
                0x10008200        0x4 CMakeFiles/adc-pulse.dir/C_/Users/3bdel/.pico-sdk/sdk/2.1.1/src/rp2_common/pico_standard_binary_info/standard_binary_info.c.obj
 .binary_info.keep.__bi_ptr42
                0x10008204        0x4 CMakeFiles/adc-pulse.dir/C_/Users/3bdel/.pico-sdk/sdk/2.1.1/src/rp2_common/pico_standard_binary_info/standard_binary_info.c.obj
 .binary_info.keep.__bi_ptr34
                0x10008208        0x4 CMakeFiles/adc-pulse.dir/C_/Users/3bdel/.pico-sdk/sdk/2.1.1/src/rp2_common/pico_standard_binary_info/standard_binary_info.c.obj
 .binary_info.keep.__bi_ptr26
                0x1000820c        0x4 CMakeFiles/adc-pulse.dir/C_/Users/3bdel/.pico-sdk/sdk/2.1.1/src/rp2_common/pico_standard_binary_info/standard_binary_info.c.obj
 *(.binary_info.*)
 .binary_info.__bi_ptr197
                0x10008210        0x4 CMakeFiles/adc-pulse.dir/C_/Users/3bdel/.pico-sdk/sdk/2.1.1/src/rp2_common/pico_stdio_usb/stdio_usb.c.obj
                0x10008214                        __binary_info_end = .
                0x10008214                        . = ALIGN (0x4)

.ram_vector_table
                0x20000000      0x110
 *(.ram_vector_table)
 .ram_vector_table
                0x20000000      0x110 CMakeFiles/adc-pulse.dir/C_/Users/3bdel/.pico-sdk/sdk/2.1.1/src/rp2_common/pico_runtime_init/runtime_init.c.obj
                0x20000000                ram_vector_table

.uninitialized_data
                0x20000110        0x0
                0x20000110                        . = ALIGN (0x4)
 *(.uninitialized_data*)

.data           0x20000110     0x16a8 load address 0x10008214
                0x20000110                        __data_start__ = .
 *(vtable)
 *(.time_critical*)
 .time_critical.mutex_try_enter
                0x20000110       0x50 CMakeFiles/adc-pulse.dir/C_/Users/3bdel/.pico-sdk/sdk/2.1.1/src/common/pico_sync/mutex.c.obj
                0x20000110                mutex_try_enter
 .time_critical.mutex_enter_block_until
                0x20000160       0x6c CMakeFiles/adc-pulse.dir/C_/Users/3bdel/.pico-sdk/sdk/2.1.1/src/common/pico_sync/mutex.c.obj
                0x20000160                mutex_enter_block_until
 .time_critical.mutex_try_enter_block_until
                0x200001cc       0x68 CMakeFiles/adc-pulse.dir/C_/Users/3bdel/.pico-sdk/sdk/2.1.1/src/common/pico_sync/mutex.c.obj
                0x200001cc                mutex_try_enter_block_until
 .time_critical.mutex_enter_timeout_ms
                0x20000234       0x38 CMakeFiles/adc-pulse.dir/C_/Users/3bdel/.pico-sdk/sdk/2.1.1/src/common/pico_sync/mutex.c.obj
                0x20000234                mutex_enter_timeout_ms
 .time_critical.mutex_exit
                0x2000026c       0x3c CMakeFiles/adc-pulse.dir/C_/Users/3bdel/.pico-sdk/sdk/2.1.1/src/common/pico_sync/mutex.c.obj
                0x2000026c                mutex_exit
 .time_critical.reset_non_control_endpoints
                0x200002a8       0x64 CMakeFiles/adc-pulse.dir/C_/Users/3bdel/.pico-sdk/sdk/2.1.1/lib/tinyusb/src/portable/raspberrypi/rp2040/dcd_rp2040.c.obj
 .time_critical.hw_handle_buff_status
                0x2000030c       0x90 CMakeFiles/adc-pulse.dir/C_/Users/3bdel/.pico-sdk/sdk/2.1.1/lib/tinyusb/src/portable/raspberrypi/rp2040/dcd_rp2040.c.obj
 .time_critical.dcd_rp2040_irq
                0x2000039c      0x530 CMakeFiles/adc-pulse.dir/C_/Users/3bdel/.pico-sdk/sdk/2.1.1/lib/tinyusb/src/portable/raspberrypi/rp2040/dcd_rp2040.c.obj
 .time_critical.prepare_ep_buffer
                0x200008cc       0xc0 CMakeFiles/adc-pulse.dir/C_/Users/3bdel/.pico-sdk/sdk/2.1.1/lib/tinyusb/src/portable/raspberrypi/rp2040/rp2040_usb.c.obj
 .time_critical.sync_ep_buffer
                0x2000098c       0xb4 CMakeFiles/adc-pulse.dir/C_/Users/3bdel/.pico-sdk/sdk/2.1.1/lib/tinyusb/src/portable/raspberrypi/rp2040/rp2040_usb.c.obj
 .time_critical._hw_endpoint_xfer_sync
                0x20000a40       0x2c CMakeFiles/adc-pulse.dir/C_/Users/3bdel/.pico-sdk/sdk/2.1.1/lib/tinyusb/src/portable/raspberrypi/rp2040/rp2040_usb.c.obj
 .time_critical.e15_is_bulkin_ep
                0x20000a6c       0x28 CMakeFiles/adc-pulse.dir/C_/Users/3bdel/.pico-sdk/sdk/2.1.1/lib/tinyusb/src/portable/raspberrypi/rp2040/rp2040_usb.c.obj
 .time_critical.e15_is_critical_frame_period
                0x20000a94       0x28 CMakeFiles/adc-pulse.dir/C_/Users/3bdel/.pico-sdk/sdk/2.1.1/lib/tinyusb/src/portable/raspberrypi/rp2040/rp2040_usb.c.obj
 .time_critical.hw_endpoint_reset_transfer
                0x20000abc        0xc CMakeFiles/adc-pulse.dir/C_/Users/3bdel/.pico-sdk/sdk/2.1.1/lib/tinyusb/src/portable/raspberrypi/rp2040/rp2040_usb.c.obj
                0x20000abc                hw_endpoint_reset_transfer
 .time_critical._hw_endpoint_buffer_control_update32
                0x20000ac8       0x44 CMakeFiles/adc-pulse.dir/C_/Users/3bdel/.pico-sdk/sdk/2.1.1/lib/tinyusb/src/portable/raspberrypi/rp2040/rp2040_usb.c.obj
                0x20000ac8                _hw_endpoint_buffer_control_update32
 .time_critical.hw_endpoint_start_next_buffer
                0x20000b0c       0x64 CMakeFiles/adc-pulse.dir/C_/Users/3bdel/.pico-sdk/sdk/2.1.1/lib/tinyusb/src/portable/raspberrypi/rp2040/rp2040_usb.c.obj
                0x20000b0c                hw_endpoint_start_next_buffer
 .time_critical.hw_endpoint_xfer_continue
                0x20000b70       0x3c CMakeFiles/adc-pulse.dir/C_/Users/3bdel/.pico-sdk/sdk/2.1.1/lib/tinyusb/src/portable/raspberrypi/rp2040/rp2040_usb.c.obj
                0x20000b70                hw_endpoint_xfer_continue
 .time_critical.tinyusb
                0x20000bac      0x224 CMakeFiles/adc-pulse.dir/C_/Users/3bdel/.pico-sdk/sdk/2.1.1/lib/tinyusb/src/device/usbd.c.obj
                0x20000bac                dcd_event_handler
 *(.text*)
 .text          0x20000dd0       0x30 C:/Users/3bdel/.pico-sdk/toolchain/14_2_Rel1/bin/../lib/gcc/arm-none-eabi/14.2.1/thumb/v8-m.main+fp/softfp\libgcc.a(_aeabi_uldivmod.o)
                0x20000dd0                __aeabi_uldivmod
 .text.__udivmoddi4
                0x20000e00      0x34c C:/Users/3bdel/.pico-sdk/toolchain/14_2_Rel1/bin/../lib/gcc/arm-none-eabi/14.2.1/thumb/v8-m.main+fp/softfp\libgcc.a(_udivmoddi4.o)
                0x20000e00                __udivmoddi4
 .text          0x2000114c        0x4 C:/Users/3bdel/.pico-sdk/toolchain/14_2_Rel1/bin/../lib/gcc/arm-none-eabi/14.2.1/thumb/v8-m.main+fp/softfp\libgcc.a(_dvmd_tls.o)
                0x2000114c                __aeabi_idiv0
                0x2000114c                __aeabi_ldiv0
 .text.__stub   0x20001150       0x30 linker stubs
                0x20001180                        . = ALIGN (0x4)
 *(.rodata*)
                0x20001180                        . = ALIGN (0x4)
 *(.data*)
 .data.command_list
                0x20001180       0x30 CMakeFiles/adc-pulse.dir/main.c.obj
                0x20001180                command_list
 .data.striped_spin_lock_num
                0x200011b0        0x1 CMakeFiles/adc-pulse.dir/C_/Users/3bdel/.pico-sdk/sdk/2.1.1/src/rp2_common/hardware_sync/sync.c.obj
 *fill*         0x200011b1        0x3 
 .data          0x200011b4       0x48 CMakeFiles/adc-pulse.dir/C_/Users/3bdel/.pico-sdk/sdk/2.1.1/src/rp2_common/hardware_irq/irq_handler_chain.S.obj
                0x200011b4                irq_handler_chain_slots
                0x200011e4                irq_handler_chain_first_slot
                0x200011ee                irq_handler_chain_remove_tail
 .data.default_alarm_pool
                0x200011fc       0x18 CMakeFiles/adc-pulse.dir/C_/Users/3bdel/.pico-sdk/sdk/2.1.1/src/common/pico_time/time.c.obj
 .data.stdio_usb
                0x20001214       0x18 CMakeFiles/adc-pulse.dir/C_/Users/3bdel/.pico-sdk/sdk/2.1.1/src/rp2_common/pico_stdio_usb/stdio_usb.c.obj
                0x20001214                stdio_usb
 .data._usbd_qdef
                0x2000122c       0x1c CMakeFiles/adc-pulse.dir/C_/Users/3bdel/.pico-sdk/sdk/2.1.1/lib/tinyusb/src/device/usbd.c.obj
                0x2000122c                _usbd_qdef
 .data._usbd_rhport
                0x20001248        0x1 CMakeFiles/adc-pulse.dir/C_/Users/3bdel/.pico-sdk/sdk/2.1.1/lib/tinyusb/src/device/usbd.c.obj
 *fill*         0x20001249        0x3 
 .data.__malloc_sbrk_base
                0x2000124c        0x4 C:/Users/3bdel/.pico-sdk/toolchain/14_2_Rel1/bin/../lib/gcc/arm-none-eabi/14.2.1/thumb/v8-m.main+fp/softfp\libg.a(libc_a-mallocr.o)
                0x2000124c                __malloc_sbrk_base
 .data.__malloc_trim_threshold
                0x20001250        0x4 C:/Users/3bdel/.pico-sdk/toolchain/14_2_Rel1/bin/../lib/gcc/arm-none-eabi/14.2.1/thumb/v8-m.main+fp/softfp\libg.a(libc_a-mallocr.o)
                0x20001250                __malloc_trim_threshold
 *fill*         0x20001254        0x4 
 .data.__malloc_av_
                0x20001258      0x408 C:/Users/3bdel/.pico-sdk/toolchain/14_2_Rel1/bin/../lib/gcc/arm-none-eabi/14.2.1/thumb/v8-m.main+fp/softfp\libg.a(libc_a-mallocr.o)
                0x20001258                __malloc_av_
 .data.__sglue  0x20001660        0xc C:/Users/3bdel/.pico-sdk/toolchain/14_2_Rel1/bin/../lib/gcc/arm-none-eabi/14.2.1/thumb/v8-m.main+fp/softfp\libg.a(libc_a-findfp.o)
                0x20001660                __sglue
 .data._impure_ptr
                0x2000166c        0x4 C:/Users/3bdel/.pico-sdk/toolchain/14_2_Rel1/bin/../lib/gcc/arm-none-eabi/14.2.1/thumb/v8-m.main+fp/softfp\libg.a(libc_a-impure.o)
                0x2000166c                _impure_ptr
 .data._impure_data
                0x20001670      0x140 C:/Users/3bdel/.pico-sdk/toolchain/14_2_Rel1/bin/../lib/gcc/arm-none-eabi/14.2.1/thumb/v8-m.main+fp/softfp\libg.a(libc_a-impure.o)
                0x20001670                _impure_data
 *(.sdata*)
                0x200017b0                        . = ALIGN (0x4)
 *(.after_data.*)
                0x200017b0                        . = ALIGN (0x4)
                0x200017b0                        PROVIDE (__mutex_array_start = .)
 *(SORT_BY_NAME(.mutex_array.*))
 *(.mutex_array)
 .mutex_array   0x200017b0        0x8 CMakeFiles/adc-pulse.dir/C_/Users/3bdel/.pico-sdk/sdk/2.1.1/src/rp2_common/pico_stdio/stdio.c.obj
                0x200017b8                        PROVIDE (__mutex_array_end = .)
 *(.jcr)
                0x200017b8                        . = ALIGN (0x4)

.tm_clone_table
                0x200017b8        0x0 load address 0x100098bc
 .tm_clone_table
                0x200017b8        0x0 C:/Users/3bdel/.pico-sdk/toolchain/14_2_Rel1/bin/../lib/gcc/arm-none-eabi/14.2.1/thumb/v8-m.main+fp/softfp/crtbegin.o
 .tm_clone_table
                0x200017b8        0x0 C:/Users/3bdel/.pico-sdk/toolchain/14_2_Rel1/bin/../lib/gcc/arm-none-eabi/14.2.1/thumb/v8-m.main+fp/softfp/crtend.o

.igot.plt       0x200017b8        0x0 load address 0x100098bc
 .igot.plt      0x200017b8        0x0 C:/Users/3bdel/.pico-sdk/toolchain/14_2_Rel1/bin/../lib/gcc/arm-none-eabi/14.2.1/thumb/v8-m.main+fp/softfp/crtbegin.o

.tdata          0x200017b8        0x0 load address 0x100098bc
                0x200017b8                        . = ALIGN (0x4)
 *(.tdata .tdata.* .gnu.linkonce.td.*)
                0x200017b8                        __tdata_end = .
                0x200017b8                        PROVIDE (__data_end__ = .)
                0x10008214                        __etext = LOADADDR (.data)

.tbss           0x200017b8        0x0 load address 0x100098bc
                0x200017b8                        . = ALIGN (0x4)
                0x200017b8                        __bss_start__ = .
                0x200017b8                        __tls_base = .
 *(.tbss .tbss.* .gnu.linkonce.tb.*)
 *(.tcommon)
                0x200017b8                        __tls_end = .

.bss            0x200017b8     0x4c60 load address 0x100098bc
                0x200017b8                        . = ALIGN (0x4)
                0x200017b8                        __tbss_end = .
 *(SORT_BY_ALIGNMENT(SORT_BY_NAME(.bss*)))
 .bss.default_alarm_pool_entries
                0x200017b8      0x180 CMakeFiles/adc-pulse.dir/C_/Users/3bdel/.pico-sdk/sdk/2.1.1/src/common/pico_time/time.c.obj
 .bss.last_avail_time.1
                0x20001938        0x8 CMakeFiles/adc-pulse.dir/C_/Users/3bdel/.pico-sdk/sdk/2.1.1/src/rp2_common/pico_stdio_usb/stdio_usb.c.obj
 .bss.__lock___malloc_recursive_mutex
                0x20001940        0x1 C:/Users/3bdel/.pico-sdk/toolchain/14_2_Rel1/bin/../lib/gcc/arm-none-eabi/14.2.1/thumb/v8-m.main+fp/softfp\libg.a(libc_a-lock.o)
                0x20001940                __lock___malloc_recursive_mutex
 *fill*         0x20001941        0x3 
 .bss.__lock___sfp_recursive_mutex
                0x20001944        0x1 C:/Users/3bdel/.pico-sdk/toolchain/14_2_Rel1/bin/../lib/gcc/arm-none-eabi/14.2.1/thumb/v8-m.main+fp/softfp\libg.a(libc_a-lock.o)
                0x20001944                __lock___sfp_recursive_mutex